Archive member included to satisfy reference by file (symbol)

c:/st/stm32cubeide_1.4.0/stm32cubeide/plugins/com.st.stm32cube.ide.mcu.externaltools.gnu-tools-for-stm32.7-2018-q2-update.win32_1.5.0.202011040924/tools/bin/../lib/gcc/arm-none-eabi/7.3.1/../../../../arm-none-eabi/lib/thumb/v7e-m/fpv4-sp/hard\libc_nano.a(lib_a-errno.o)
                              Core/Src/syscalls.o (__errno)
c:/st/stm32cubeide_1.4.0/stm32cubeide/plugins/com.st.stm32cube.ide.mcu.externaltools.gnu-tools-for-stm32.7-2018-q2-update.win32_1.5.0.202011040924/tools/bin/../lib/gcc/arm-none-eabi/7.3.1/../../../../arm-none-eabi/lib/thumb/v7e-m/fpv4-sp/hard\libc_nano.a(lib_a-exit.o)
                              c:/st/stm32cubeide_1.4.0/stm32cubeide/plugins/com.st.stm32cube.ide.mcu.externaltools.gnu-tools-for-stm32.7-2018-q2-update.win32_1.5.0.202011040924/tools/bin/../lib/gcc/arm-none-eabi/7.3.1/../../../../arm-none-eabi/lib/thumb/v7e-m/fpv4-sp/hard/crt0.o (exit)
c:/st/stm32cubeide_1.4.0/stm32cubeide/plugins/com.st.stm32cube.ide.mcu.externaltools.gnu-tools-for-stm32.7-2018-q2-update.win32_1.5.0.202011040924/tools/bin/../lib/gcc/arm-none-eabi/7.3.1/../../../../arm-none-eabi/lib/thumb/v7e-m/fpv4-sp/hard\libc_nano.a(lib_a-impure.o)
                              c:/st/stm32cubeide_1.4.0/stm32cubeide/plugins/com.st.stm32cube.ide.mcu.externaltools.gnu-tools-for-stm32.7-2018-q2-update.win32_1.5.0.202011040924/tools/bin/../lib/gcc/arm-none-eabi/7.3.1/../../../../arm-none-eabi/lib/thumb/v7e-m/fpv4-sp/hard\libc_nano.a(lib_a-exit.o) (_global_impure_ptr)
c:/st/stm32cubeide_1.4.0/stm32cubeide/plugins/com.st.stm32cube.ide.mcu.externaltools.gnu-tools-for-stm32.7-2018-q2-update.win32_1.5.0.202011040924/tools/bin/../lib/gcc/arm-none-eabi/7.3.1/../../../../arm-none-eabi/lib/thumb/v7e-m/fpv4-sp/hard\libc_nano.a(lib_a-init.o)
                              c:/st/stm32cubeide_1.4.0/stm32cubeide/plugins/com.st.stm32cube.ide.mcu.externaltools.gnu-tools-for-stm32.7-2018-q2-update.win32_1.5.0.202011040924/tools/bin/../lib/gcc/arm-none-eabi/7.3.1/../../../../arm-none-eabi/lib/thumb/v7e-m/fpv4-sp/hard/crt0.o (__libc_init_array)
c:/st/stm32cubeide_1.4.0/stm32cubeide/plugins/com.st.stm32cube.ide.mcu.externaltools.gnu-tools-for-stm32.7-2018-q2-update.win32_1.5.0.202011040924/tools/bin/../lib/gcc/arm-none-eabi/7.3.1/../../../../arm-none-eabi/lib/thumb/v7e-m/fpv4-sp/hard\libc_nano.a(lib_a-malloc.o)
                              Core/Src/ESC.o (malloc)
c:/st/stm32cubeide_1.4.0/stm32cubeide/plugins/com.st.stm32cube.ide.mcu.externaltools.gnu-tools-for-stm32.7-2018-q2-update.win32_1.5.0.202011040924/tools/bin/../lib/gcc/arm-none-eabi/7.3.1/../../../../arm-none-eabi/lib/thumb/v7e-m/fpv4-sp/hard\libc_nano.a(lib_a-memcpy-stub.o)
                              Core/Src/main.o (memcpy)
c:/st/stm32cubeide_1.4.0/stm32cubeide/plugins/com.st.stm32cube.ide.mcu.externaltools.gnu-tools-for-stm32.7-2018-q2-update.win32_1.5.0.202011040924/tools/bin/../lib/gcc/arm-none-eabi/7.3.1/../../../../arm-none-eabi/lib/thumb/v7e-m/fpv4-sp/hard\libc_nano.a(lib_a-memset.o)
                              c:/st/stm32cubeide_1.4.0/stm32cubeide/plugins/com.st.stm32cube.ide.mcu.externaltools.gnu-tools-for-stm32.7-2018-q2-update.win32_1.5.0.202011040924/tools/bin/../lib/gcc/arm-none-eabi/7.3.1/../../../../arm-none-eabi/lib/thumb/v7e-m/fpv4-sp/hard/crt0.o (memset)
c:/st/stm32cubeide_1.4.0/stm32cubeide/plugins/com.st.stm32cube.ide.mcu.externaltools.gnu-tools-for-stm32.7-2018-q2-update.win32_1.5.0.202011040924/tools/bin/../lib/gcc/arm-none-eabi/7.3.1/../../../../arm-none-eabi/lib/thumb/v7e-m/fpv4-sp/hard\libc_nano.a(lib_a-nano-freer.o)
                              c:/st/stm32cubeide_1.4.0/stm32cubeide/plugins/com.st.stm32cube.ide.mcu.externaltools.gnu-tools-for-stm32.7-2018-q2-update.win32_1.5.0.202011040924/tools/bin/../lib/gcc/arm-none-eabi/7.3.1/../../../../arm-none-eabi/lib/thumb/v7e-m/fpv4-sp/hard\libc_nano.a(lib_a-malloc.o) (_free_r)
c:/st/stm32cubeide_1.4.0/stm32cubeide/plugins/com.st.stm32cube.ide.mcu.externaltools.gnu-tools-for-stm32.7-2018-q2-update.win32_1.5.0.202011040924/tools/bin/../lib/gcc/arm-none-eabi/7.3.1/../../../../arm-none-eabi/lib/thumb/v7e-m/fpv4-sp/hard\libc_nano.a(lib_a-nano-mallocr.o)
                              c:/st/stm32cubeide_1.4.0/stm32cubeide/plugins/com.st.stm32cube.ide.mcu.externaltools.gnu-tools-for-stm32.7-2018-q2-update.win32_1.5.0.202011040924/tools/bin/../lib/gcc/arm-none-eabi/7.3.1/../../../../arm-none-eabi/lib/thumb/v7e-m/fpv4-sp/hard\libc_nano.a(lib_a-malloc.o) (_malloc_r)
c:/st/stm32cubeide_1.4.0/stm32cubeide/plugins/com.st.stm32cube.ide.mcu.externaltools.gnu-tools-for-stm32.7-2018-q2-update.win32_1.5.0.202011040924/tools/bin/../lib/gcc/arm-none-eabi/7.3.1/../../../../arm-none-eabi/lib/thumb/v7e-m/fpv4-sp/hard\libc_nano.a(lib_a-sbrkr.o)
[...]
Memory Configuration

Name             Origin             Length             Attributes
RAM              0x0000000020000000 0x0000000000040000 xrw
FLASH            0x0000000008000000 0x0000000000080000 xr
*default*        0x0000000000000000 0xffffffffffffffff

Linker script and memory map

LOAD c:/st/stm32cubeide_1.4.0/stm32cubeide/plugins/com.st.stm32cube.ide.mcu.externaltools.gnu-tools-for-stm32.7-2018-q2-update.win32_1.5.0.202011040924/tools/bin/../lib/gcc/arm-none-eabi/7.3.1/thumb/v7e-m/fpv4-sp/hard/crti.o
LOAD c:/st/stm32cubeide_1.4.0/stm32cubeide/plugins/com.st.stm32cube.ide.mcu.externaltools.gnu-tools-for-stm32.7-2018-q2-update.win32_1.5.0.202011040924/tools/bin/../lib/gcc/arm-none-eabi/7.3.1/thumb/v7e-m/fpv4-sp/hard/crtbegin.o
LOAD c:/st/stm32cubeide_1.4.0/stm32cubeide/plugins/com.st.stm32cube.ide.mcu.externaltools.gnu-tools-for-stm32.7-2018-q2-update.win32_1.5.0.202011040924/tools/bin/../lib/gcc/arm-none-eabi/7.3.1/../../../../arm-none-eabi/lib/thumb/v7e-m/fpv4-sp/hard/crt0.o
LOAD Core/Src/ADC.o
LOAD Core/Src/ESC.o
LOAD Core/Src/RX.o
LOAD Core/Src/XLG.o
LOAD Core/Src/main.o
LOAD Core/Src/stm32f7xx_hal_msp.o
LOAD Core/Src/stm32f7xx_it.o
LOAD Core/Src/syscalls.o
LOAD Core/Src/sysmem.o
LOAD Core/Src/system_stm32f7xx.o
LOAD Core/Startup/startup_stm32f722zetx.o
LOAD Drivers/STM32F7xx_HAL_Driver/Src/stm32f7xx_hal.o
LOAD Drivers/STM32F7xx_HAL_Driver/Src/stm32f7xx_hal_adc.o
LOAD Drivers/STM32F7xx_HAL_Driver/Src/stm32f7xx_hal_adc_ex.o
LOAD Drivers/STM32F7xx_HAL_Driver/Src/stm32f7xx_hal_cortex.o
LOAD Drivers/STM32F7xx_HAL_Driver/Src/stm32f7xx_hal_dma.o
LOAD Drivers/STM32F7xx_HAL_Driver/Src/stm32f7xx_hal_dma_ex.o
LOAD Drivers/STM32F7xx_HAL_Driver/Src/stm32f7xx_hal_exti.o
LOAD Drivers/STM32F7xx_HAL_Driver/Src/stm32f7xx_hal_flash.o
LOAD Drivers/STM32F7xx_HAL_Driver/Src/stm32f7xx_hal_flash_ex.o
LOAD Drivers/STM32F7xx_HAL_Driver/Src/stm32f7xx_hal_gpio.o
LOAD Drivers/STM32F7xx_HAL_Driver/Src/stm32f7xx_hal_i2c.o
LOAD Drivers/STM32F7xx_HAL_Driver/Src/stm32f7xx_hal_i2c_ex.o
LOAD Drivers/STM32F7xx_HAL_Driver/Src/stm32f7xx_hal_pwr.o
LOAD Drivers/STM32F7xx_HAL_Driver/Src/stm32f7xx_hal_pwr_ex.o
LOAD Drivers/STM32F7xx_HAL_Driver/Src/stm32f7xx_hal_rcc.o
LOAD Drivers/STM32F7xx_HAL_Driver/Src/stm32f7xx_hal_rcc_ex.o
LOAD Drivers/STM32F7xx_HAL_Driver/Src/stm32f7xx_hal_tim.o
LOAD Drivers/STM32F7xx_HAL_Driver/Src/stm32f7xx_hal_tim_ex.o
LOAD Drivers/STM32F7xx_HAL_Driver/Src/stm32f7xx_hal_uart.o
LOAD Drivers/STM32F7xx_HAL_Driver/Src/stm32f7xx_hal_uart_ex.o
START GROUP
LOAD c:/st/stm32cubeide_1.4.0/stm32cubeide/plugins/com.st.stm32cube.ide.mcu.externaltools.gnu-tools-for-stm32.7-2018-q2-update.win32_1.5.0.202011040924/tools/bin/../lib/gcc/arm-none-eabi/7.3.1/../../../../arm-none-eabi/lib/thumb/v7e-m/fpv4-sp/hard\libc_nano.a
LOAD c:/st/stm32cubeide_1.4.0/stm32cubeide/plugins/com.st.stm32cube.ide.mcu.externaltools.gnu-tools-for-stm32.7-2018-q2-update.win32_1.5.0.202011040924/tools/bin/../lib/gcc/arm-none-eabi/7.3.1/../../../../arm-none-eabi/lib/thumb/v7e-m/fpv4-sp/hard\libm.a
END GROUP
START GROUP
LOAD c:/st/stm32cubeide_1.4.0/stm32cubeide/plugins/com.st.stm32cube.ide.mcu.externaltools.gnu-tools-for-stm32.7-2018-q2-update.win32_1.5.0.202011040924/tools/bin/../lib/gcc/arm-none-eabi/7.3.1/thumb/v7e-m/fpv4-sp/hard\libgcc.a
LOAD c:/st/stm32cubeide_1.4.0/stm32cubeide/plugins/com.st.stm32cube.ide.mcu.externaltools.gnu-tools-for-stm32.7-2018-q2-update.win32_1.5.0.202011040924/tools/bin/../lib/gcc/arm-none-eabi/7.3.1/../../../../arm-none-eabi/lib/thumb/v7e-m/fpv4-sp/hard\libc_nano.a
END GROUP
START GROUP
LOAD c:/st/stm32cubeide_1.4.0/stm32cubeide/plugins/com.st.stm32cube.ide.mcu.externaltools.gnu-tools-for-stm32.7-2018-q2-update.win32_1.5.0.202011040924/tools/bin/../lib/gcc/arm-none-eabi/7.3.1/thumb/v7e-m/fpv4-sp/hard\libgcc.a
LOAD c:/st/stm32cubeide_1.4.0/stm32cubeide/plugins/com.st.stm32cube.ide.mcu.externaltools.gnu-tools-for-stm32.7-2018-q2-update.win32_1.5.0.202011040924/tools/bin/../lib/gcc/arm-none-eabi/7.3.1/../../../../arm-none-eabi/lib/thumb/v7e-m/fpv4-sp/hard\libc_nano.a
LOAD c:/st/stm32cubeide_1.4.0/stm32cubeide/plugins/com.st.stm32cube.ide.mcu.externaltools.gnu-tools-for-stm32.7-2018-q2-update.win32_1.5.0.202011040924/tools/bin/../lib/gcc/arm-none-eabi/7.3.1/../../../../arm-none-eabi/lib/thumb/v7e-m/fpv4-sp/hard\libnosys.a
END GROUP
START GROUP
LOAD c:/st/stm32cubeide_1.4.0/stm32cubeide/plugins/com.st.stm32cube.ide.mcu.externaltools.gnu-tools-for-stm32.7-2018-q2-update.win32_1.5.0.202011040924/tools/bin/../lib/gcc/arm-none-eabi/7.3.1/thumb/v7e-m/fpv4-sp/hard\libgcc.a
LOAD c:/st/stm32cubeide_1.4.0/stm32cubeide/plugins/com.st.stm32cube.ide.mcu.externaltools.gnu-tools-for-stm32.7-2018-q2-update.win32_1.5.0.202011040924/tools/bin/../lib/gcc/arm-none-eabi/7.3.1/../../../../arm-none-eabi/lib/thumb/v7e-m/fpv4-sp/hard\libc_nano.a
LOAD c:/st/stm32cubeide_1.4.0/stm32cubeide/plugins/com.st.stm32cube.ide.mcu.externaltools.gnu-tools-for-stm32.7-2018-q2-update.win32_1.5.0.202011040924/tools/bin/../lib/gcc/arm-none-eabi/7.3.1/../../../../arm-none-eabi/lib/thumb/v7e-m/fpv4-sp/hard\libnosys.a
END GROUP
LOAD c:/st/stm32cubeide_1.4.0/stm32cubeide/plugins/com.st.stm32cube.ide.mcu.externaltools.gnu-tools-for-stm32.7-2018-q2-update.win32_1.5.0.202011040924/tools/bin/../lib/gcc/arm-none-eabi/7.3.1/thumb/v7e-m/fpv4-sp/hard/crtend.o
LOAD c:/st/stm32cubeide_1.4.0/stm32cubeide/plugins/com.st.stm32cube.ide.mcu.externaltools.gnu-tools-for-stm32.7-2018-q2-update.win32_1.5.0.202011040924/tools/bin/../lib/gcc/arm-none-eabi/7.3.1/thumb/v7e-m/fpv4-sp/hard/crtn.o
                0x0000000020040000                _estack = (ORIGIN (RAM) + LENGTH (RAM))
                0x0000000000000200                _Min_Heap_Size = 0x200
                0x0000000000000400                _Min_Stack_Size = 0x400

.isr_vector     0x0000000008000000      0x1e0
                0x0000000008000000                . = ALIGN (0x4)
 *(.isr_vector)
 .isr_vector    0x0000000008000000      0x1e0 Core/Startup/startup_stm32f722zetx.o
                0x0000000008000000                g_pfnVectors
                0x00000000080001e0                . = ALIGN (0x4)

.text           0x00000000080001e0     0x809c
                0x00000000080001e0                . = ALIGN (0x4)
 *(.text)
 .text          0x00000000080001e0       0x40 c:/st/stm32cubeide_1.4.0/stm32cubeide/plugins/com.st.stm32cube.ide.mcu.externaltools.gnu-tools-for-stm32.7-2018-q2-update.win32_1.5.0.202011040924/tools/bin/../lib/gcc/arm-none-eabi/7.3.1/thumb/v7e-m/fpv4-sp/hard/crtbegin.o
 .text          0x0000000008000220      0x378 c:/st/stm32cubeide_1.4.0/stm32cubeide/plugins/com.st.stm32cube.ide.mcu.externaltools.gnu-tools-for-stm32.7-2018-q2-update.win32_1.5.0.202011040924/tools/bin/../lib/gcc/arm-none-eabi/7.3.1/thumb/v7e-m/fpv4-sp/hard\libgcc.a(_arm_addsubdf3.o)
                0x0000000008000220                __aeabi_drsub
                0x0000000008000228                __aeabi_dsub
                0x0000000008000228                __subdf3
                0x000000000800022c                __aeabi_dadd
                0x000000000800022c                __adddf3
                0x00000000080004a4                __floatunsidf
                0x00000000080004a4                __aeabi_ui2d
                0x00000000080004c4                __floatsidf
                0x00000000080004c4                __aeabi_i2d
                0x00000000080004e8                __aeabi_f2d
                0x00000000080004e8                __extendsfdf2
                0x000000000800052c                __floatundidf
                0x000000000800052c                __aeabi_ul2d
                0x000000000800053c                __floatdidf
                0x000000000800053c                __aeabi_l2d
 .text          0x0000000008000598      0x424 c:/st/stm32cubeide_1.4.0/stm32cubeide/plugins/com.st.stm32cube.ide.mcu.externaltools.gnu-tools-for-stm32.7-2018-q2-update.win32_1.5.0.202011040924/tools/bin/../lib/gcc/arm-none-eabi/7.3.1/thumb/v7e-m/fpv4-sp/hard\libgcc.a(_arm_muldivdf3.o)
                0x0000000008000598                __aeabi_dmul
                0x0000000008000598                __muldf3
                0x00000000080007ec                __divdf3
                0x00000000080007ec                __aeabi_ddiv
 .text          0x00000000080009bc       0x50 c:/st/stm32cubeide_1.4.0/stm32cubeide/plugins/com.st.stm32cube.ide.mcu.externaltools.gnu-tools-for-stm32.7-2018-q2-update.win32_1.5.0.202011040924/tools/bin/../lib/gcc/arm-none-eabi/7.3.1/thumb/v7e-m/fpv4-sp/hard\libgcc.a(_arm_fixdfsi.o)
                0x00000000080009bc                __aeabi_d2iz
                0x00000000080009bc                __fixdfsi
 .text          0x0000000008000a0c       0x30 c:/st/stm32cubeide_1.4.0/stm32cubeide/plugins/com.st.stm32cube.ide.mcu.externaltools.gnu-tools-for-stm32.7-2018-q2-update.win32_1.5.0.202011040924/tools/bin/../lib/gcc/arm-none-eabi/7.3.1/thumb/v7e-m/fpv4-sp/hard\libgcc.a(_aeabi_uldivmod.o)
                0x0000000008000a0c                __aeabi_uldivmod
 .text          0x0000000008000a3c      0x2cc c:/st/stm32cubeide_1.4.0/stm32cubeide/plugins/com.st.stm32cube.ide.mcu.externaltools.gnu-tools-for-stm32.7-2018-q2-update.win32_1.5.0.202011040924/tools/bin/../lib/gcc/arm-none-eabi/7.3.1/thumb/v7e-m/fpv4-sp/hard\libgcc.a(_udivmoddi4.o)
                0x0000000008000a3c                __udivmoddi4
 .text          0x0000000008000d08        0x4 c:/st/stm32cubeide_1.4.0/stm32cubeide/plugins/com.st.stm32cube.ide.mcu.externaltools.gnu-tools-for-stm32.7-2018-q2-update.win32_1.5.0.202011040924/tools/bin/../lib/gcc/arm-none-eabi/7.3.1/thumb/v7e-m/fpv4-sp/hard\libgcc.a(_dvmd_tls.o)
                0x0000000008000d08                __aeabi_idiv0
                0x0000000008000d08                __aeabi_ldiv0
 *(.text*)
 .text.ADC_INIT
                0x0000000008000d0c       0x22 Core/Src/ADC.o
                0x0000000008000d0c                ADC_INIT
 .text.ESC_INIT
                0x0000000008000d2e      0x12e Core/Src/ESC.o
                0x0000000008000d2e                ESC_INIT
 .text.ESC_UPDATE_THROTTLE
                0x0000000008000e5c      0x174 Core/Src/ESC.o
                0x0000000008000e5c                ESC_UPDATE_THROTTLE
 .text.ESC_CMD_SEND
                0x0000000008000fd0      0x11c Core/Src/ESC.o
                0x0000000008000fd0                ESC_CMD_SEND
 .text.ESC_SETTING
                0x00000000080010ec       0x46 Core/Src/ESC.o
                0x00000000080010ec                ESC_SETTING
 .text.RX_INIT  0x0000000008001132       0x96 Core/Src/RX.o
                0x0000000008001132                RX_INIT
 .text.RX_UPDATE
                0x00000000080011c8       0x7c Core/Src/RX.o
                0x00000000080011c8                RX_UPDATE
 .text.XLG_INIT
                0x0000000008001244       0x34 Core/Src/XLG.o
                0x0000000008001244                XLG_INIT
 .text.XLG_WRITE
                0x0000000008001278       0x48 Core/Src/XLG.o
                0x0000000008001278                XLG_WRITE
 .text.main     0x00000000080012c0      0x12c Core/Src/main.o
                0x00000000080012c0                main
 .text.SystemClock_Config
                0x00000000080013ec      0x130 Core/Src/main.o
                0x00000000080013ec                SystemClock_Config
 .text.MX_ADC1_Init
                0x000000000800151c       0xa4 Core/Src/main.o
 .text.MX_I2C1_Init
                0x00000000080015c0       0x80 Core/Src/main.o
 .text.MX_TIM1_Init
                0x0000000008001640      0x140 Core/Src/main.o
 .text.MX_TIM2_Init
                0x0000000008001780       0xfc Core/Src/main.o
 .text.MX_TIM3_Init
                0x000000000800187c       0xf8 Core/Src/main.o
 .text.MX_TIM4_Init
                0x0000000008001974       0xdc Core/Src/main.o
 .text.MX_USART3_UART_Init
                0x0000000008001a50       0x60 Core/Src/main.o
 .text.MX_USB_OTG_FS_USB_Init
                0x0000000008001ab0        0xe Core/Src/main.o
 *fill*         0x0000000008001abe        0x2 
 .text.MX_DMA_Init
                0x0000000008001ac0       0x6c Core/Src/main.o
 .text.MX_GPIO_Init
                0x0000000008001b2c      0x1d4 Core/Src/main.o
 .text.HAL_ADC_ConvHalfCpltCallback
                0x0000000008001d00       0x16 Core/Src/main.o
                0x0000000008001d00                HAL_ADC_ConvHalfCpltCallback
 .text.HAL_ADC_ConvCpltCallback
                0x0000000008001d16       0x16 Core/Src/main.o
                0x0000000008001d16                HAL_ADC_ConvCpltCallback
 .text.Error_Handler
                0x0000000008001d2c        0xe Core/Src/main.o
                0x0000000008001d2c                Error_Handler
 *fill*         0x0000000008001d3a        0x2 
 .text.HAL_MspInit
                0x0000000008001d3c       0x48 Core/Src/stm32f7xx_hal_msp.o
                0x0000000008001d3c                HAL_MspInit
 .text.HAL_ADC_MspInit
                0x0000000008001d84       0x80 Core/Src/stm32f7xx_hal_msp.o
                0x0000000008001d84                HAL_ADC_MspInit
 .text.HAL_I2C_MspInit
                0x0000000008001e04      0x184 Core/Src/stm32f7xx_hal_msp.o
                0x0000000008001e04                HAL_I2C_MspInit
 .text.HAL_TIM_Base_MspInit
                0x0000000008001f88       0xe8 Core/Src/stm32f7xx_hal_msp.o
                0x0000000008001f88                HAL_TIM_Base_MspInit
 .text.HAL_TIM_PWM_MspInit
                0x0000000008002070       0x40 Core/Src/stm32f7xx_hal_msp.o
                0x0000000008002070                HAL_TIM_PWM_MspInit
 .text.HAL_TIM_OC_MspInit
                0x00000000080020b0      0x134 Core/Src/stm32f7xx_hal_msp.o
                0x00000000080020b0                HAL_TIM_OC_MspInit
 .text.HAL_TIM_MspPostInit
                0x00000000080021e4      0x138 Core/Src/stm32f7xx_hal_msp.o
                0x00000000080021e4                HAL_TIM_MspPostInit
 .text.HAL_UART_MspInit
                0x000000000800231c       0x88 Core/Src/stm32f7xx_hal_msp.o
                0x000000000800231c                HAL_UART_MspInit
 .text.NMI_Handler
                0x00000000080023a4        0xe Core/Src/stm32f7xx_it.o
                0x00000000080023a4                NMI_Handler
 .text.HardFault_Handler
                0x00000000080023b2        0x6 Core/Src/stm32f7xx_it.o
                0x00000000080023b2                HardFault_Handler
 .text.MemManage_Handler
                0x00000000080023b8        0x6 Core/Src/stm32f7xx_it.o
                0x00000000080023b8                MemManage_Handler
 .text.BusFault_Handler
                0x00000000080023be        0x6 Core/Src/stm32f7xx_it.o
                0x00000000080023be                BusFault_Handler
 .text.UsageFault_Handler
                0x00000000080023c4        0x6 Core/Src/stm32f7xx_it.o
                0x00000000080023c4                UsageFault_Handler
 .text.SVC_Handler
                0x00000000080023ca        0xe Core/Src/stm32f7xx_it.o
                0x00000000080023ca                SVC_Handler
 .text.DebugMon_Handler
                0x00000000080023d8        0xe Core/Src/stm32f7xx_it.o
                0x00000000080023d8                DebugMon_Handler
 .text.PendSV_Handler
                0x00000000080023e6        0xe Core/Src/stm32f7xx_it.o
                0x00000000080023e6                PendSV_Handler
 .text.SysTick_Handler
                0x00000000080023f4        0xc Core/Src/stm32f7xx_it.o
                0x00000000080023f4                SysTick_Handler
 .text.DMA1_Stream0_IRQHandler
                0x0000000008002400       0x14 Core/Src/stm32f7xx_it.o
                0x0000000008002400                DMA1_Stream0_IRQHandler
 .text.DMA1_Stream3_IRQHandler
                0x0000000008002414       0x14 Core/Src/stm32f7xx_it.o
                0x0000000008002414                DMA1_Stream3_IRQHandler
 .text.DMA1_Stream5_IRQHandler
                0x0000000008002428       0x14 Core/Src/stm32f7xx_it.o
                0x0000000008002428                DMA1_Stream5_IRQHandler
 .text.DMA1_Stream6_IRQHandler
                0x000000000800243c       0x14 Core/Src/stm32f7xx_it.o
                0x000000000800243c                DMA1_Stream6_IRQHandler
 .text._sbrk    0x0000000008002450       0x6c Core/Src/sysmem.o
                0x0000000008002450                _sbrk
 .text.SystemInit
                0x00000000080024bc       0x2c Core/Src/system_stm32f7xx.o
                0x00000000080024bc                SystemInit
 .text.Reset_Handler
                0x00000000080024e8       0x50 Core/Startup/startup_stm32f722zetx.o
                0x00000000080024e8                Reset_Handler
 .text.Default_Handler
                0x0000000008002538        0x2 Core/Startup/startup_stm32f722zetx.o
                0x0000000008002538                RTC_Alarm_IRQHandler
                0x0000000008002538                EXTI2_IRQHandler
                0x0000000008002538                TIM8_CC_IRQHandler
                0x0000000008002538                UART8_IRQHandler
                0x0000000008002538                SPI4_IRQHandler
                0x0000000008002538                TIM1_CC_IRQHandler
                0x0000000008002538                DMA2_Stream5_IRQHandler
                0x0000000008002538                PVD_IRQHandler
                0x0000000008002538                TAMP_STAMP_IRQHandler
                0x0000000008002538                EXTI3_IRQHandler
                0x0000000008002538                TIM8_TRG_COM_TIM14_IRQHandler
                0x0000000008002538                TIM1_UP_TIM10_IRQHandler
                0x0000000008002538                TIM8_UP_TIM13_IRQHandler
                0x0000000008002538                I2C3_ER_IRQHandler
                0x0000000008002538                EXTI0_IRQHandler
                0x0000000008002538                I2C2_EV_IRQHandler
                0x0000000008002538                DMA1_Stream2_IRQHandler
                0x0000000008002538                CAN1_RX0_IRQHandler
                0x0000000008002538                FPU_IRQHandler
                0x0000000008002538                OTG_HS_WKUP_IRQHandler
                0x0000000008002538                DMA2_Stream2_IRQHandler
                0x0000000008002538                SPI1_IRQHandler
                0x0000000008002538                TIM6_DAC_IRQHandler
                0x0000000008002538                TIM1_BRK_TIM9_IRQHandler
                0x0000000008002538                DMA2_Stream3_IRQHandler
                0x0000000008002538                SAI2_IRQHandler
                0x0000000008002538                USART6_IRQHandler
                0x0000000008002538                USART3_IRQHandler
                0x0000000008002538                CAN1_RX1_IRQHandler
                0x0000000008002538                UART5_IRQHandler
                0x0000000008002538                DMA2_Stream0_IRQHandler
                0x0000000008002538                TIM4_IRQHandler
                0x0000000008002538                QUADSPI_IRQHandler
                0x0000000008002538                I2C1_EV_IRQHandler
                0x0000000008002538                DMA1_Stream1_IRQHandler
                0x0000000008002538                UART4_IRQHandler
                0x0000000008002538                TIM3_IRQHandler
                0x0000000008002538                RCC_IRQHandler
                0x0000000008002538                TIM8_BRK_TIM12_IRQHandler
                0x0000000008002538                Default_Handler
                0x0000000008002538                EXTI15_10_IRQHandler
                0x0000000008002538                ADC_IRQHandler
                0x0000000008002538                DMA1_Stream7_IRQHandler
                0x0000000008002538                SPI5_IRQHandler
                0x0000000008002538                TIM7_IRQHandler
                0x0000000008002538                SDMMC1_IRQHandler
                0x0000000008002538                TIM5_IRQHandler
                0x0000000008002538                DMA2_Stream7_IRQHandler
                0x0000000008002538                I2C3_EV_IRQHandler
                0x0000000008002538                EXTI9_5_IRQHandler
                0x0000000008002538                RTC_WKUP_IRQHandler
                0x0000000008002538                SPI2_IRQHandler
                0x0000000008002538                OTG_HS_EP1_IN_IRQHandler
                0x0000000008002538                CAN1_TX_IRQHandler
                0x0000000008002538                EXTI4_IRQHandler
                0x0000000008002538                RNG_IRQHandler
                0x0000000008002538                OTG_HS_EP1_OUT_IRQHandler
                0x0000000008002538                WWDG_IRQHandler
                0x0000000008002538                TIM2_IRQHandler
                0x0000000008002538                OTG_FS_WKUP_IRQHandler
                0x0000000008002538                TIM1_TRG_COM_TIM11_IRQHandler
                0x0000000008002538                OTG_HS_IRQHandler
                0x0000000008002538                EXTI1_IRQHandler
                0x0000000008002538                SDMMC2_IRQHandler
                0x0000000008002538                UART7_IRQHandler
                0x0000000008002538                USART2_IRQHandler
                0x0000000008002538                I2C2_ER_IRQHandler
                0x0000000008002538                DMA2_Stream1_IRQHandler
                0x0000000008002538                CAN1_SCE_IRQHandler
                0x0000000008002538                FLASH_IRQHandler
                0x0000000008002538                DMA2_Stream4_IRQHandler
                0x0000000008002538                USART1_IRQHandler
                0x0000000008002538                OTG_FS_IRQHandler
                0x0000000008002538                SPI3_IRQHandler
                0x0000000008002538                DMA1_Stream4_IRQHandler
                0x0000000008002538                I2C1_ER_IRQHandler
                0x0000000008002538                FMC_IRQHandler
                0x0000000008002538                LPTIM1_IRQHandler
                0x0000000008002538                DMA2_Stream6_IRQHandler
                0x0000000008002538                SAI1_IRQHandler
 .text.HAL_Init
                0x000000000800253a       0x1a Drivers/STM32F7xx_HAL_Driver/Src/stm32f7xx_hal.o
                0x000000000800253a                HAL_Init
 .text.HAL_InitTick
                0x0000000008002554       0x60 Drivers/STM32F7xx_HAL_Driver/Src/stm32f7xx_hal.o
                0x0000000008002554                HAL_InitTick
 .text.HAL_IncTick
                0x00000000080025b4       0x28 Drivers/STM32F7xx_HAL_Driver/Src/stm32f7xx_hal.o
                0x00000000080025b4                HAL_IncTick
 .text.HAL_GetTick
                0x00000000080025dc       0x18 Drivers/STM32F7xx_HAL_Driver/Src/stm32f7xx_hal.o
                0x00000000080025dc                HAL_GetTick
 .text.HAL_ADC_Init
                0x00000000080025f4       0x88 Drivers/STM32F7xx_HAL_Driver/Src/stm32f7xx_hal_adc.o
                0x00000000080025f4                HAL_ADC_Init
 .text.HAL_ADC_Start
                0x000000000800267c      0x180 Drivers/STM32F7xx_HAL_Driver/Src/stm32f7xx_hal_adc.o
                0x000000000800267c                HAL_ADC_Start
 .text.HAL_ADC_Start_DMA
                0x00000000080027fc      0x1dc Drivers/STM32F7xx_HAL_Driver/Src/stm32f7xx_hal_adc.o
                0x00000000080027fc                HAL_ADC_Start_DMA
 .text.HAL_ADC_ErrorCallback
                0x00000000080029d8       0x14 Drivers/STM32F7xx_HAL_Driver/Src/stm32f7xx_hal_adc.o
                0x00000000080029d8                HAL_ADC_ErrorCallback
 .text.HAL_ADC_ConfigChannel
                0x00000000080029ec      0x294 Drivers/STM32F7xx_HAL_Driver/Src/stm32f7xx_hal_adc.o
                0x00000000080029ec                HAL_ADC_ConfigChannel
 .text.ADC_Init
                0x0000000008002c80      0x1f4 Drivers/STM32F7xx_HAL_Driver/Src/stm32f7xx_hal_adc.o
 .text.ADC_DMAConvCplt
                0x0000000008002e74       0xba Drivers/STM32F7xx_HAL_Driver/Src/stm32f7xx_hal_adc.o
 .text.ADC_DMAHalfConvCplt
                0x0000000008002f2e       0x1c Drivers/STM32F7xx_HAL_Driver/Src/stm32f7xx_hal_adc.o
 .text.ADC_DMAError
                0x0000000008002f4a       0x2e Drivers/STM32F7xx_HAL_Driver/Src/stm32f7xx_hal_adc.o
 .text.__NVIC_SetPriorityGrouping
                0x0000000008002f78       0x48 Drivers/STM32F7xx_HAL_Driver/Src/stm32f7xx_hal_cortex.o
 .text.__NVIC_GetPriorityGrouping
                0x0000000008002fc0       0x1c Drivers/STM32F7xx_HAL_Driver/Src/stm32f7xx_hal_cortex.o
 .text.__NVIC_EnableIRQ
                0x0000000008002fdc       0x3c Drivers/STM32F7xx_HAL_Driver/Src/stm32f7xx_hal_cortex.o
 .text.__NVIC_SetPriority
                0x0000000008003018       0x54 Drivers/STM32F7xx_HAL_Driver/Src/stm32f7xx_hal_cortex.o
 .text.NVIC_EncodePriority
                0x000000000800306c       0x66 Drivers/STM32F7xx_HAL_Driver/Src/stm32f7xx_hal_cortex.o
 *fill*         0x00000000080030d2        0x2 
 .text.SysTick_Config
                0x00000000080030d4       0x44 Drivers/STM32F7xx_HAL_Driver/Src/stm32f7xx_hal_cortex.o
 .text.HAL_NVIC_SetPriorityGrouping
                0x0000000008003118       0x16 Drivers/STM32F7xx_HAL_Driver/Src/stm32f7xx_hal_cortex.o
                0x0000000008003118                HAL_NVIC_SetPriorityGrouping
 .text.HAL_NVIC_SetPriority
                0x000000000800312e       0x38 Drivers/STM32F7xx_HAL_Driver/Src/stm32f7xx_hal_cortex.o
                0x000000000800312e                HAL_NVIC_SetPriority
 .text.HAL_NVIC_EnableIRQ
                0x0000000008003166       0x1c Drivers/STM32F7xx_HAL_Driver/Src/stm32f7xx_hal_cortex.o
                0x0000000008003166                HAL_NVIC_EnableIRQ
 .text.HAL_SYSTICK_Config
                0x0000000008003182       0x18 Drivers/STM32F7xx_HAL_Driver/Src/stm32f7xx_hal_cortex.o
                0x0000000008003182                HAL_SYSTICK_Config
 *fill*         0x000000000800319a        0x2 
 .text.HAL_DMA_Init
                0x000000000800319c      0x15c Drivers/STM32F7xx_HAL_Driver/Src/stm32f7xx_hal_dma.o
                0x000000000800319c                HAL_DMA_Init
 .text.HAL_DMA_Start_IT
                0x00000000080032f8       0xc0 Drivers/STM32F7xx_HAL_Driver/Src/stm32f7xx_hal_dma.o
                0x00000000080032f8                HAL_DMA_Start_IT
 .text.HAL_DMA_Abort_IT
                0x00000000080033b8       0x44 Drivers/STM32F7xx_HAL_Driver/Src/stm32f7xx_hal_dma.o
                0x00000000080033b8                HAL_DMA_Abort_IT
 .text.HAL_DMA_IRQHandler
                0x00000000080033fc      0x314 Drivers/STM32F7xx_HAL_Driver/Src/stm32f7xx_hal_dma.o
                0x00000000080033fc                HAL_DMA_IRQHandler
 .text.HAL_DMA_GetError
                0x0000000008003710       0x18 Drivers/STM32F7xx_HAL_Driver/Src/stm32f7xx_hal_dma.o
                0x0000000008003710                HAL_DMA_GetError
 .text.DMA_SetConfig
                0x0000000008003728       0x5c Drivers/STM32F7xx_HAL_Driver/Src/stm32f7xx_hal_dma.o
 .text.DMA_CalcBaseAndBitshift
                0x0000000008003784       0x6c Drivers/STM32F7xx_HAL_Driver/Src/stm32f7xx_hal_dma.o
 .text.DMA_CheckFifoParam
                0x00000000080037f0       0xf4 Drivers/STM32F7xx_HAL_Driver/Src/stm32f7xx_hal_dma.o
 .text.HAL_GPIO_Init
                0x00000000080038e4      0x334 Drivers/STM32F7xx_HAL_Driver/Src/stm32f7xx_hal_gpio.o
                0x00000000080038e4                HAL_GPIO_Init
 .text.HAL_GPIO_WritePin
                0x0000000008003c18       0x32 Drivers/STM32F7xx_HAL_Driver/Src/stm32f7xx_hal_gpio.o
                0x0000000008003c18                HAL_GPIO_WritePin
 *fill*         0x0000000008003c4a        0x2 
 .text.HAL_I2C_Init
                0x0000000008003c4c      0x120 Drivers/STM32F7xx_HAL_Driver/Src/stm32f7xx_hal_i2c.o
                0x0000000008003c4c                HAL_I2C_Init
 .text.HAL_I2C_Mem_Write_DMA
                0x0000000008003d6c      0x1ec Drivers/STM32F7xx_HAL_Driver/Src/stm32f7xx_hal_i2c.o
                0x0000000008003d6c                HAL_I2C_Mem_Write_DMA
 .text.HAL_I2C_MasterTxCpltCallback
                0x0000000008003f58       0x14 Drivers/STM32F7xx_HAL_Driver/Src/stm32f7xx_hal_i2c.o
                0x0000000008003f58                HAL_I2C_MasterTxCpltCallback
 .text.HAL_I2C_MasterRxCpltCallback
                0x0000000008003f6c       0x14 Drivers/STM32F7xx_HAL_Driver/Src/stm32f7xx_hal_i2c.o
                0x0000000008003f6c                HAL_I2C_MasterRxCpltCallback
 .text.HAL_I2C_SlaveTxCpltCallback
                0x0000000008003f80       0x14 Drivers/STM32F7xx_HAL_Driver/Src/stm32f7xx_hal_i2c.o
                0x0000000008003f80                HAL_I2C_SlaveTxCpltCallback
 .text.HAL_I2C_SlaveRxCpltCallback
                0x0000000008003f94       0x14 Drivers/STM32F7xx_HAL_Driver/Src/stm32f7xx_hal_i2c.o
                0x0000000008003f94                HAL_I2C_SlaveRxCpltCallback
 .text.HAL_I2C_AddrCallback
                0x0000000008003fa8       0x1c Drivers/STM32F7xx_HAL_Driver/Src/stm32f7xx_hal_i2c.o
                0x0000000008003fa8                HAL_I2C_AddrCallback
 .text.HAL_I2C_ListenCpltCallback
                0x0000000008003fc4       0x14 Drivers/STM32F7xx_HAL_Driver/Src/stm32f7xx_hal_i2c.o
                0x0000000008003fc4                HAL_I2C_ListenCpltCallback
 .text.HAL_I2C_MemTxCpltCallback
                0x0000000008003fd8       0x14 Drivers/STM32F7xx_HAL_Driver/Src/stm32f7xx_hal_i2c.o
                0x0000000008003fd8                HAL_I2C_MemTxCpltCallback
 .text.HAL_I2C_MemRxCpltCallback
                0x0000000008003fec       0x14 Drivers/STM32F7xx_HAL_Driver/Src/stm32f7xx_hal_i2c.o
                0x0000000008003fec                HAL_I2C_MemRxCpltCallback
 .text.HAL_I2C_ErrorCallback
                0x0000000008004000       0x14 Drivers/STM32F7xx_HAL_Driver/Src/stm32f7xx_hal_i2c.o
                0x0000000008004000                HAL_I2C_ErrorCallback
 .text.HAL_I2C_AbortCpltCallback
                0x0000000008004014       0x14 Drivers/STM32F7xx_HAL_Driver/Src/stm32f7xx_hal_i2c.o
                0x0000000008004014                HAL_I2C_AbortCpltCallback
 .text.I2C_Slave_ISR_IT
                0x0000000008004028      0x206 Drivers/STM32F7xx_HAL_Driver/Src/stm32f7xx_hal_i2c.o
 .text.I2C_Master_ISR_DMA
                0x000000000800422e      0x1e6 Drivers/STM32F7xx_HAL_Driver/Src/stm32f7xx_hal_i2c.o
 .text.I2C_Slave_ISR_DMA
                0x0000000008004414      0x190 Drivers/STM32F7xx_HAL_Driver/Src/stm32f7xx_hal_i2c.o
 .text.I2C_RequestMemoryWrite
                0x00000000080045a4       0xa8 Drivers/STM32F7xx_HAL_Driver/Src/stm32f7xx_hal_i2c.o
 .text.I2C_ITAddrCplt
                0x000000000800464c      0x104 Drivers/STM32F7xx_HAL_Driver/Src/stm32f7xx_hal_i2c.o
 .text.I2C_ITMasterSeqCplt
                0x0000000008004750       0x7a Drivers/STM32F7xx_HAL_Driver/Src/stm32f7xx_hal_i2c.o
 .text.I2C_ITSlaveSeqCplt
                0x00000000080047ca       0x7a Drivers/STM32F7xx_HAL_Driver/Src/stm32f7xx_hal_i2c.o
 .text.I2C_ITMasterCplt
                0x0000000008004844      0x138 Drivers/STM32F7xx_HAL_Driver/Src/stm32f7xx_hal_i2c.o
 .text.I2C_ITSlaveCplt
                0x000000000800497c      0x1ac Drivers/STM32F7xx_HAL_Driver/Src/stm32f7xx_hal_i2c.o
 .text.I2C_ITListenCplt
                0x0000000008004b28       0xa8 Drivers/STM32F7xx_HAL_Driver/Src/stm32f7xx_hal_i2c.o
 .text.I2C_ITError
                0x0000000008004bd0      0x180 Drivers/STM32F7xx_HAL_Driver/Src/stm32f7xx_hal_i2c.o
 .text.I2C_Flush_TXDR
                0x0000000008004d50       0x48 Drivers/STM32F7xx_HAL_Driver/Src/stm32f7xx_hal_i2c.o
 .text.I2C_DMAMasterTransmitCplt
                0x0000000008004d98       0x96 Drivers/STM32F7xx_HAL_Driver/Src/stm32f7xx_hal_i2c.o
 .text.I2C_DMAError
                0x0000000008004e2e       0x74 Drivers/STM32F7xx_HAL_Driver/Src/stm32f7xx_hal_i2c.o
 .text.I2C_DMAAbort
                0x0000000008004ea2       0x48 Drivers/STM32F7xx_HAL_Driver/Src/stm32f7xx_hal_i2c.o
 .text.I2C_WaitOnFlagUntilTimeout
                0x0000000008004eea       0x80 Drivers/STM32F7xx_HAL_Driver/Src/stm32f7xx_hal_i2c.o
 .text.I2C_WaitOnTXISFlagUntilTimeout
                0x0000000008004f6a       0x80 Drivers/STM32F7xx_HAL_Driver/Src/stm32f7xx_hal_i2c.o
 *fill*         0x0000000008004fea        0x2 
 .text.I2C_IsAcknowledgeFailed
                0x0000000008004fec       0xcc Drivers/STM32F7xx_HAL_Driver/Src/stm32f7xx_hal_i2c.o
 .text.I2C_TransferConfig
                0x00000000080050b8       0x5c Drivers/STM32F7xx_HAL_Driver/Src/stm32f7xx_hal_i2c.o
 .text.I2C_Enable_IRQ
                0x0000000008005114       0xdc Drivers/STM32F7xx_HAL_Driver/Src/stm32f7xx_hal_i2c.o
 .text.I2C_Disable_IRQ
                0x00000000080051f0       0xca Drivers/STM32F7xx_HAL_Driver/Src/stm32f7xx_hal_i2c.o
 .text.HAL_I2CEx_ConfigAnalogFilter
                0x00000000080052ba       0x96 Drivers/STM32F7xx_HAL_Driver/Src/stm32f7xx_hal_i2c_ex.o
                0x00000000080052ba                HAL_I2CEx_ConfigAnalogFilter
 .text.HAL_I2CEx_ConfigDigitalFilter
                0x0000000008005350       0x98 Drivers/STM32F7xx_HAL_Driver/Src/stm32f7xx_hal_i2c_ex.o
                0x0000000008005350                HAL_I2CEx_ConfigDigitalFilter
 .text.HAL_PWR_EnableBkUpAccess
                0x00000000080053e8       0x20 Drivers/STM32F7xx_HAL_Driver/Src/stm32f7xx_hal_pwr.o
                0x00000000080053e8                HAL_PWR_EnableBkUpAccess
 .text.HAL_PWREx_EnableOverDrive
                0x0000000008005408       0xa0 Drivers/STM32F7xx_HAL_Driver/Src/stm32f7xx_hal_pwr_ex.o
                0x0000000008005408                HAL_PWREx_EnableOverDrive
 .text.HAL_RCC_OscConfig
                0x00000000080054a8      0x548 Drivers/STM32F7xx_HAL_Driver/Src/stm32f7xx_hal_rcc.o
                0x00000000080054a8                HAL_RCC_OscConfig
 .text.HAL_RCC_ClockConfig
                0x00000000080059f0      0x1d8 Drivers/STM32F7xx_HAL_Driver/Src/stm32f7xx_hal_rcc.o
                0x00000000080059f0                HAL_RCC_ClockConfig
 .text.HAL_RCC_GetSysClockFreq
                0x0000000008005bc8      0x1b0 Drivers/STM32F7xx_HAL_Driver/Src/stm32f7xx_hal_rcc.o
                0x0000000008005bc8                HAL_RCC_GetSysClockFreq
 .text.HAL_RCC_GetHCLKFreq
                0x0000000008005d78       0x18 Drivers/STM32F7xx_HAL_Driver/Src/stm32f7xx_hal_rcc.o
                0x0000000008005d78                HAL_RCC_GetHCLKFreq
 .text.HAL_RCC_GetPCLK1Freq
                0x0000000008005d90       0x28 Drivers/STM32F7xx_HAL_Driver/Src/stm32f7xx_hal_rcc.o
                0x0000000008005d90                HAL_RCC_GetPCLK1Freq
 .text.HAL_RCC_GetPCLK2Freq
                0x0000000008005db8       0x28 Drivers/STM32F7xx_HAL_Driver/Src/stm32f7xx_hal_rcc.o
                0x0000000008005db8                HAL_RCC_GetPCLK2Freq
 .text.HAL_RCCEx_PeriphCLKConfig
                0x0000000008005de0      0x690 Drivers/STM32F7xx_HAL_Driver/Src/stm32f7xx_hal_rcc_ex.o
                0x0000000008005de0                HAL_RCCEx_PeriphCLKConfig
 .text.HAL_TIM_Base_Init
                0x0000000008006470       0x56 Drivers/STM32F7xx_HAL_Driver/Src/stm32f7xx_hal_tim.o
                0x0000000008006470                HAL_TIM_Base_Init
 .text.HAL_TIM_OC_Init
                0x00000000080064c6       0x56 Drivers/STM32F7xx_HAL_Driver/Src/stm32f7xx_hal_tim.o
                0x00000000080064c6                HAL_TIM_OC_Init
 .text.HAL_TIM_PWM_Init
                0x000000000800651c       0x56 Drivers/STM32F7xx_HAL_Driver/Src/stm32f7xx_hal_tim.o
                0x000000000800651c                HAL_TIM_PWM_Init
 *fill*         0x0000000008006572        0x2 
 .text.HAL_TIM_PWM_Start
                0x0000000008006574       0x88 Drivers/STM32F7xx_HAL_Driver/Src/stm32f7xx_hal_tim.o
                0x0000000008006574                HAL_TIM_PWM_Start
 .text.HAL_TIM_IC_Init
                0x00000000080065fc       0x56 Drivers/STM32F7xx_HAL_Driver/Src/stm32f7xx_hal_tim.o
                0x00000000080065fc                HAL_TIM_IC_Init
 .text.HAL_TIM_IC_MspInit
                0x0000000008006652       0x14 Drivers/STM32F7xx_HAL_Driver/Src/stm32f7xx_hal_tim.o
                0x0000000008006652                HAL_TIM_IC_MspInit
 *fill*         0x0000000008006666        0x2 
 .text.HAL_TIM_IC_Start_IT
                0x0000000008006668       0xdc Drivers/STM32F7xx_HAL_Driver/Src/stm32f7xx_hal_tim.o
                0x0000000008006668                HAL_TIM_IC_Start_IT
 .text.HAL_TIM_OC_ConfigChannel
                0x0000000008006744       0xfc Drivers/STM32F7xx_HAL_Driver/Src/stm32f7xx_hal_tim.o
                0x0000000008006744                HAL_TIM_OC_ConfigChannel
 .text.HAL_TIM_IC_ConfigChannel
                0x0000000008006840      0x138 Drivers/STM32F7xx_HAL_Driver/Src/stm32f7xx_hal_tim.o
                0x0000000008006840                HAL_TIM_IC_ConfigChannel
 .text.HAL_TIM_PWM_ConfigChannel
                0x0000000008006978      0x230 Drivers/STM32F7xx_HAL_Driver/Src/stm32f7xx_hal_tim.o
                0x0000000008006978                HAL_TIM_PWM_ConfigChannel
 .text.HAL_TIM_SlaveConfigSynchro
                0x0000000008006ba8       0x84 Drivers/STM32F7xx_HAL_Driver/Src/stm32f7xx_hal_tim.o
                0x0000000008006ba8                HAL_TIM_SlaveConfigSynchro
 .text.HAL_TIM_ReadCapturedValue
                0x0000000008006c2c       0x88 Drivers/STM32F7xx_HAL_Driver/Src/stm32f7xx_hal_tim.o
                0x0000000008006c2c                HAL_TIM_ReadCapturedValue
 .text.TIM_Base_SetConfig
                0x0000000008006cb4      0x140 Drivers/STM32F7xx_HAL_Driver/Src/stm32f7xx_hal_tim.o
                0x0000000008006cb4                TIM_Base_SetConfig
 .text.TIM_OC1_SetConfig
                0x0000000008006df4       0xe4 Drivers/STM32F7xx_HAL_Driver/Src/stm32f7xx_hal_tim.o
 .text.TIM_OC2_SetConfig
                0x0000000008006ed8       0xf0 Drivers/STM32F7xx_HAL_Driver/Src/stm32f7xx_hal_tim.o
                0x0000000008006ed8                TIM_OC2_SetConfig
 .text.TIM_OC3_SetConfig
                0x0000000008006fc8       0xec Drivers/STM32F7xx_HAL_Driver/Src/stm32f7xx_hal_tim.o
 .text.TIM_OC4_SetConfig
                0x00000000080070b4       0xb0 Drivers/STM32F7xx_HAL_Driver/Src/stm32f7xx_hal_tim.o
 .text.TIM_OC5_SetConfig
                0x0000000008007164       0xa4 Drivers/STM32F7xx_HAL_Driver/Src/stm32f7xx_hal_tim.o
 .text.TIM_OC6_SetConfig
                0x0000000008007208       0xa8 Drivers/STM32F7xx_HAL_Driver/Src/stm32f7xx_hal_tim.o
 .text.TIM_SlaveTimer_SetConfig
                0x00000000080072b0      0x110 Drivers/STM32F7xx_HAL_Driver/Src/stm32f7xx_hal_tim.o
 .text.TIM_TI1_SetConfig
                0x00000000080073c0       0xe8 Drivers/STM32F7xx_HAL_Driver/Src/stm32f7xx_hal_tim.o
                0x00000000080073c0                TIM_TI1_SetConfig
 .text.TIM_TI1_ConfigInputStage
                0x00000000080074a8       0x5e Drivers/STM32F7xx_HAL_Driver/Src/stm32f7xx_hal_tim.o
 .text.TIM_TI2_SetConfig
                0x0000000008007506       0x7a Drivers/STM32F7xx_HAL_Driver/Src/stm32f7xx_hal_tim.o
 .text.TIM_TI2_ConfigInputStage
                0x0000000008007580       0x60 Drivers/STM32F7xx_HAL_Driver/Src/stm32f7xx_hal_tim.o
 .text.TIM_TI3_SetConfig
                0x00000000080075e0       0x78 Drivers/STM32F7xx_HAL_Driver/Src/stm32f7xx_hal_tim.o
 .text.TIM_TI4_SetConfig
                0x0000000008007658       0x7a Drivers/STM32F7xx_HAL_Driver/Src/stm32f7xx_hal_tim.o
 .text.TIM_ETR_SetConfig
                0x00000000080076d2       0x40 Drivers/STM32F7xx_HAL_Driver/Src/stm32f7xx_hal_tim.o
                0x00000000080076d2                TIM_ETR_SetConfig
 .text.TIM_CCxChannelCmd
                0x0000000008007712       0x4a Drivers/STM32F7xx_HAL_Driver/Src/stm32f7xx_hal_tim.o
                0x0000000008007712                TIM_CCxChannelCmd
 .text.HAL_TIMEx_MasterConfigSynchronization
                0x000000000800775c      0x11c Drivers/STM32F7xx_HAL_Driver/Src/stm32f7xx_hal_tim_ex.o
                0x000000000800775c                HAL_TIMEx_MasterConfigSynchronization
 .text.HAL_UART_Init
                0x0000000008007878       0x9c Drivers/STM32F7xx_HAL_Driver/Src/stm32f7xx_hal_uart.o
                0x0000000008007878                HAL_UART_Init
 .text.UART_SetConfig
                0x0000000008007914      0x554 Drivers/STM32F7xx_HAL_Driver/Src/stm32f7xx_hal_uart.o
                0x0000000008007914                UART_SetConfig
 .text.UART_AdvFeatureConfig
                0x0000000008007e68      0x144 Drivers/STM32F7xx_HAL_Driver/Src/stm32f7xx_hal_uart.o
                0x0000000008007e68                UART_AdvFeatureConfig
 .text.UART_CheckIdleState
                0x0000000008007fac       0x5e Drivers/STM32F7xx_HAL_Driver/Src/stm32f7xx_hal_uart.o
                0x0000000008007fac                UART_CheckIdleState
 .text.UART_WaitOnFlagUntilTimeout
                0x000000000800800a       0xf6 Drivers/STM32F7xx_HAL_Driver/Src/stm32f7xx_hal_uart.o
                0x000000000800800a                UART_WaitOnFlagUntilTimeout
 .text.__errno  0x0000000008008100        0xc c:/st/stm32cubeide_1.4.0/stm32cubeide/plugins/com.st.stm32cube.ide.mcu.externaltools.gnu-tools-for-stm32.7-2018-q2-update.win32_1.5.0.202011040924/tools/bin/../lib/gcc/arm-none-eabi/7.3.1/../../../../arm-none-eabi/lib/thumb/v7e-m/fpv4-sp/hard\libc_nano.a(lib_a-errno.o)
                0x0000000008008100                __errno
 .text.__libc_init_array
                0x000000000800810c       0x48 c:/st/stm32cubeide_1.4.0/stm32cubeide/plugins/com.st.stm32cube.ide.mcu.externaltools.gnu-tools-for-stm32.7-2018-q2-update.win32_1.5.0.202011040924/tools/bin/../lib/gcc/arm-none-eabi/7.3.1/../../../../arm-none-eabi/lib/thumb/v7e-m/fpv4-sp/hard\libc_nano.a(lib_a-init.o)
                0x000000000800810c                __libc_init_array
 .text.malloc   0x0000000008008154       0x10 c:/st/stm32cubeide_1.4.0/stm32cubeide/plugins/com.st.stm32cube.ide.mcu.externaltools.gnu-tools-for-stm32.7-2018-q2-update.win32_1.5.0.202011040924/tools/bin/../lib/gcc/arm-none-eabi/7.3.1/../../../../arm-none-eabi/lib/thumb/v7e-m/fpv4-sp/hard\libc_nano.a(lib_a-malloc.o)
                0x0000000008008154                malloc
 .text.memcpy   0x0000000008008164       0x16 c:/st/stm32cubeide_1.4.0/stm32cubeide/plugins/com.st.stm32cube.ide.mcu.externaltools.gnu-tools-for-stm32.7-2018-q2-update.win32_1.5.0.202011040924/tools/bin/../lib/gcc/arm-none-eabi/7.3.1/../../../../arm-none-eabi/lib/thumb/v7e-m/fpv4-sp/hard\libc_nano.a(lib_a-memcpy-stub.o)
                0x0000000008008164                memcpy
 .text.memset   0x000000000800817a       0x10 c:/st/stm32cubeide_1.4.0/stm32cubeide/plugins/com.st.stm32cube.ide.mcu.externaltools.gnu-tools-for-stm32.7-2018-q2-update.win32_1.5.0.202011040924/tools/bin/../lib/gcc/arm-none-eabi/7.3.1/../../../../arm-none-eabi/lib/thumb/v7e-m/fpv4-sp/hard\libc_nano.a(lib_a-memset.o)
                0x000000000800817a                memset
 *fill*         0x000000000800818a        0x2 
 .text._malloc_r
                0x000000000800818c       0xb4 c:/st/stm32cubeide_1.4.0/stm32cubeide/plugins/com.st.stm32cube.ide.mcu.externaltools.gnu-tools-for-stm32.7-2018-q2-update.win32_1.5.0.202011040924/tools/bin/../lib/gcc/arm-none-eabi/7.3.1/../../../../arm-none-eabi/lib/thumb/v7e-m/fpv4-sp/hard\libc_nano.a(lib_a-nano-mallocr.o)
                0x000000000800818c                _malloc_r
 .text._sbrk_r  0x0000000008008240       0x20 c:/st/stm32cubeide_1.4.0/stm32cubeide/plugins/com.st.stm32cube.ide.mcu.externaltools.gnu-tools-for-stm32.7-2018-q2-update.win32_1.5.0.202011040924/tools/bin/../lib/gcc/arm-none-eabi/7.3.1/../../../../arm-none-eabi/lib/thumb/v7e-m/fpv4-sp/hard\libc_nano.a(lib_a-sbrkr.o)
                0x0000000008008240                _sbrk_r
 .text.__malloc_lock
                0x0000000008008260        0x2 c:/st/stm32cubeide_1.4.0/stm32cubeide/plugins/com.st.stm32cube.ide.mcu.externaltools.gnu-tools-for-stm32.7-2018-q2-update.win32_1.5.0.202011040924/tools/bin/../lib/gcc/arm-none-eabi/7.3.1/../../../../arm-none-eabi/lib/thumb/v7e-m/fpv4-sp/hard\libc_nano.a(lib_a-mlock.o)
                0x0000000008008260                __malloc_lock
 .text.__malloc_unlock
                0x0000000008008262        0x2 c:/st/stm32cubeide_1.4.0/stm32cubeide/plugins/com.st.stm32cube.ide.mcu.externaltools.gnu-tools-for-stm32.7-2018-q2-update.win32_1.5.0.202011040924/tools/bin/../lib/gcc/arm-none-eabi/7.3.1/../../../../arm-none-eabi/lib/thumb/v7e-m/fpv4-sp/hard\libc_nano.a(lib_a-mlock.o)
                0x0000000008008262                __malloc_unlock
 *(.glue_7)
 .glue_7        0x0000000008008264        0x0 linker stubs
 *(.glue_7t)
 .glue_7t       0x0000000008008264        0x0 linker stubs
 *(.eh_frame)
 .eh_frame      0x0000000008008264        0x0 c:/st/stm32cubeide_1.4.0/stm32cubeide/plugins/com.st.stm32cube.ide.mcu.externaltools.gnu-tools-for-stm32.7-2018-q2-update.win32_1.5.0.202011040924/tools/bin/../lib/gcc/arm-none-eabi/7.3.1/thumb/v7e-m/fpv4-sp/hard/crtbegin.o
 *(.init)
 .init          0x0000000008008264        0x4 c:/st/stm32cubeide_1.4.0/stm32cubeide/plugins/com.st.stm32cube.ide.mcu.externaltools.gnu-tools-for-stm32.7-2018-q2-update.win32_1.5.0.202011040924/tools/bin/../lib/gcc/arm-none-eabi/7.3.1/thumb/v7e-m/fpv4-sp/hard/crti.o
                0x0000000008008264                _init
 .init          0x0000000008008268        0x8 c:/st/stm32cubeide_1.4.0/stm32cubeide/plugins/com.st.stm32cube.ide.mcu.externaltools.gnu-tools-for-stm32.7-2018-q2-update.win32_1.5.0.202011040924/tools/bin/../lib/gcc/arm-none-eabi/7.3.1/thumb/v7e-m/fpv4-sp/hard/crtn.o
 *(.fini)
 .fini          0x0000000008008270        0x4 c:/st/stm32cubeide_1.4.0/stm32cubeide/plugins/com.st.stm32cube.ide.mcu.externaltools.gnu-tools-for-stm32.7-2018-q2-update.win32_1.5.0.202011040924/tools/bin/../lib/gcc/arm-none-eabi/7.3.1/thumb/v7e-m/fpv4-sp/hard/crti.o
                0x0000000008008270                _fini
 .fini          0x0000000008008274        0x8 c:/st/stm32cubeide_1.4.0/stm32cubeide/plugins/com.st.stm32cube.ide.mcu.externaltools.gnu-tools-for-stm32.7-2018-q2-update.win32_1.5.0.202011040924/tools/bin/../lib/gcc/arm-none-eabi/7.3.1/thumb/v7e-m/fpv4-sp/hard/crtn.o
                0x000000000800827c                . = ALIGN (0x4)
                0x000000000800827c                _etext = .

.vfp11_veneer   0x000000000800827c        0x0
 .vfp11_veneer  0x000000000800827c        0x0 linker stubs

.v4_bx          0x000000000800827c        0x0
 .v4_bx         0x000000000800827c        0x0 linker stubs

.iplt           0x000000000800827c        0x0
 .iplt          0x000000000800827c        0x0 c:/st/stm32cubeide_1.4.0/stm32cubeide/plugins/com.st.stm32cube.ide.mcu.externaltools.gnu-tools-for-stm32.7-2018-q2-update.win32_1.5.0.202011040924/tools/bin/../lib/gcc/arm-none-eabi/7.3.1/thumb/v7e-m/fpv4-sp/hard/crtbegin.o

.rodata         0x000000000800827c       0x20
                0x000000000800827c                . = ALIGN (0x4)
 *(.rodata)
 *(.rodata*)
 .rodata.AHBPrescTable
                0x000000000800827c       0x10 Core/Src/system_stm32f7xx.o
                0x000000000800827c                AHBPrescTable
 .rodata.APBPrescTable
                0x000000000800828c        0x8 Core/Src/system_stm32f7xx.o
                0x000000000800828c                APBPrescTable
 .rodata.flagBitshiftOffset.8730
                0x0000000008008294        0x8 Drivers/STM32F7xx_HAL_Driver/Src/stm32f7xx_hal_dma.o
                0x000000000800829c                . = ALIGN (0x4)

.ARM.extab      0x000000000800829c        0x0
                0x000000000800829c                . = ALIGN (0x4)
 *(.ARM.extab* .gnu.linkonce.armextab.*)
                0x000000000800829c                . = ALIGN (0x4)

.ARM            0x000000000800829c        0x8
                0x000000000800829c                . = ALIGN (0x4)
                0x000000000800829c                __exidx_start = .
 *(.ARM.exidx*)
 .ARM.exidx     0x000000000800829c        0x8 c:/st/stm32cubeide_1.4.0/stm32cubeide/plugins/com.st.stm32cube.ide.mcu.externaltools.gnu-tools-for-stm32.7-2018-q2-update.win32_1.5.0.202011040924/tools/bin/../lib/gcc/arm-none-eabi/7.3.1/thumb/v7e-m/fpv4-sp/hard\libgcc.a(_udivmoddi4.o)
                0x00000000080082a4                __exidx_end = .
                0x00000000080082a4                . = ALIGN (0x4)

.rel.dyn        0x00000000080082a4        0x0
 .rel.iplt      0x00000000080082a4        0x0 c:/st/stm32cubeide_1.4.0/stm32cubeide/plugins/com.st.stm32cube.ide.mcu.externaltools.gnu-tools-for-stm32.7-2018-q2-update.win32_1.5.0.202011040924/tools/bin/../lib/gcc/arm-none-eabi/7.3.1/thumb/v7e-m/fpv4-sp/hard/crtbegin.o

.preinit_array  0x00000000080082a4        0x0
                0x00000000080082a4                . = ALIGN (0x4)
                0x00000000080082a4                PROVIDE (__preinit_array_start = .)
 *(.preinit_array*)
                0x00000000080082a4                PROVIDE (__preinit_array_end = .)
                0x00000000080082a4                . = ALIGN (0x4)

.init_array     0x00000000080082a4        0x4
                0x00000000080082a4                . = ALIGN (0x4)
                0x00000000080082a4                PROVIDE (__init_array_start = .)
 *(SORT_BY_NAME(.init_array.*))
 *(.init_array*)
 .init_array    0x00000000080082a4        0x4 c:/st/stm32cubeide_1.4.0/stm32cubeide/plugins/com.st.stm32cube.ide.mcu.externaltools.gnu-tools-for-stm32.7-2018-q2-update.win32_1.5.0.202011040924/tools/bin/../lib/gcc/arm-none-eabi/7.3.1/thumb/v7e-m/fpv4-sp/hard/crtbegin.o
                0x00000000080082a8                PROVIDE (__init_array_end = .)
                0x00000000080082a8                . = ALIGN (0x4)

.fini_array     0x00000000080082a8        0x4
                0x00000000080082a8                . = ALIGN (0x4)
                [!provide]                        PROVIDE (__fini_array_start = .)
 *(SORT_BY_NAME(.fini_array.*))
 *(.fini_array*)
 .fini_array    0x00000000080082a8        0x4 c:/st/stm32cubeide_1.4.0/stm32cubeide/plugins/com.st.stm32cube.ide.mcu.externaltools.gnu-tools-for-stm32.7-2018-q2-update.win32_1.5.0.202011040924/tools/bin/../lib/gcc/arm-none-eabi/7.3.1/thumb/v7e-m/fpv4-sp/hard/crtbegin.o
                [!provide]                        PROVIDE (__fini_array_end = .)
                0x00000000080082ac                . = ALIGN (0x4)
                0x00000000080082ac                _sidata = LOADADDR (.data)

.data           0x0000000020000000       0x70 load address 0x00000000080082ac
                0x0000000020000000                . = ALIGN (0x4)
                0x0000000020000000                _sdata = .
 *(.data)
 *(.data*)
 .data.SystemCoreClock
                0x0000000020000000        0x4 Core/Src/system_stm32f7xx.o
                0x0000000020000000                SystemCoreClock
 .data.uwTickPrio
                0x0000000020000004        0x4 Drivers/STM32F7xx_HAL_Driver/Src/stm32f7xx_hal.o
                0x0000000020000004                uwTickPrio
 .data.uwTickFreq
                0x0000000020000008        0x1 Drivers/STM32F7xx_HAL_Driver/Src/stm32f7xx_hal.o
                0x0000000020000008                uwTickFreq
 *fill*         0x0000000020000009        0x3 
 .data._impure_ptr
                0x000000002000000c        0x4 c:/st/stm32cubeide_1.4.0/stm32cubeide/plugins/com.st.stm32cube.ide.mcu.externaltools.gnu-tools-for-stm32.7-2018-q2-update.win32_1.5.0.202011040924/tools/bin/../lib/gcc/arm-none-eabi/7.3.1/../../../../arm-none-eabi/lib/thumb/v7e-m/fpv4-sp/hard\libc_nano.a(lib_a-impure.o)
                0x000000002000000c                _impure_ptr
 .data.impure_data
                0x0000000020000010       0x60 c:/st/stm32cubeide_1.4.0/stm32cubeide/plugins/com.st.stm32cube.ide.mcu.externaltools.gnu-tools-for-stm32.7-2018-q2-update.win32_1.5.0.202011040924/tools/bin/../lib/gcc/arm-none-eabi/7.3.1/../../../../arm-none-eabi/lib/thumb/v7e-m/fpv4-sp/hard\libc_nano.a(lib_a-impure.o)
                0x0000000020000070                . = ALIGN (0x4)
                0x0000000020000070                _edata = .

.igot.plt       0x0000000020000070        0x0 load address 0x000000000800831c
 .igot.plt      0x0000000020000070        0x0 c:/st/stm32cubeide_1.4.0/stm32cubeide/plugins/com.st.stm32cube.ide.mcu.externaltools.gnu-tools-for-stm32.7-2018-q2-update.win32_1.5.0.202011040924/tools/bin/../lib/gcc/arm-none-eabi/7.3.1/thumb/v7e-m/fpv4-sp/hard/crtbegin.o
                0x0000000020000070                . = ALIGN (0x4)

.bss            0x0000000020000070      0x49c load address 0x000000000800831c
                0x0000000020000070                _sbss = .
                0x0000000020000070                __bss_start__ = _sbss
 *(.bss)
 .bss           0x0000000020000070       0x1c c:/st/stm32cubeide_1.4.0/stm32cubeide/plugins/com.st.stm32cube.ide.mcu.externaltools.gnu-tools-for-stm32.7-2018-q2-update.win32_1.5.0.202011040924/tools/bin/../lib/gcc/arm-none-eabi/7.3.1/thumb/v7e-m/fpv4-sp/hard/crtbegin.o
 *(.bss*)
 .bss.throttle  0x000000002000008c        0x4 Core/Src/main.o
                0x000000002000008c                throttle
 .bss.__sbrk_heap_end
                0x0000000020000090        0x4 Core/Src/sysmem.o
 .bss.__malloc_free_list
                0x0000000020000094        0x4 c:/st/stm32cubeide_1.4.0/stm32cubeide/plugins/com.st.stm32cube.ide.mcu.externaltools.gnu-tools-for-stm32.7-2018-q2-update.win32_1.5.0.202011040924/tools/bin/../lib/gcc/arm-none-eabi/7.3.1/../../../../arm-none-eabi/lib/thumb/v7e-m/fpv4-sp/hard\libc_nano.a(lib_a-nano-mallocr.o)
                0x0000000020000094                __malloc_free_list
 .bss.__malloc_sbrk_start
                0x0000000020000098        0x4 c:/st/stm32cubeide_1.4.0/stm32cubeide/plugins/com.st.stm32cube.ide.mcu.externaltools.gnu-tools-for-stm32.7-2018-q2-update.win32_1.5.0.202011040924/tools/bin/../lib/gcc/arm-none-eabi/7.3.1/../../../../arm-none-eabi/lib/thumb/v7e-m/fpv4-sp/hard\libc_nano.a(lib_a-nano-mallocr.o)
                0x0000000020000098                __malloc_sbrk_start
 *(COMMON)
 COMMON         0x000000002000009c      0x468 Core/Src/main.o
                0x000000002000009c                hdma_tim4_ch2
                0x00000000200000fc                htim4
                0x000000002000013c                huart3
                0x00000000200001bc                escDMASet
                0x000000002000027c                hdma_i2c1_tx
                0x00000000200002dc                hi2c1
                0x0000000020000328                htim3
                0x0000000020000368                hadc1
                0x00000000200003b0                gData
                0x00000000200003b8                htim1
                0x00000000200003f8                hdma_i2c1_rx
                0x0000000020000458                htim2
                0x0000000020000498                hdma_tim4_ch1
                0x00000000200004f8                throttlePot
                0x00000000200004fc                xlData
 COMMON         0x0000000020000504        0x4 Drivers/STM32F7xx_HAL_Driver/Src/stm32f7xx_hal.o
                0x0000000020000504                uwTick
 COMMON         0x0000000020000508        0x4 c:/st/stm32cubeide_1.4.0/stm32cubeide/plugins/com.st.stm32cube.ide.mcu.externaltools.gnu-tools-for-stm32.7-2018-q2-update.win32_1.5.0.202011040924/tools/bin/../lib/gcc/arm-none-eabi/7.3.1/../../../../arm-none-eabi/lib/thumb/v7e-m/fpv4-sp/hard\libc_nano.a(lib_a-reent.o)
                0x0000000020000508                errno
                0x000000002000050c                . = ALIGN (0x4)
                0x000000002000050c                _ebss = .
                0x000000002000050c                __bss_end__ = _ebss

._user_heap_stack
                0x000000002000050c      0x604 load address 0x000000000800831c
                0x0000000020000510                . = ALIGN (0x8)
 *fill*         0x000000002000050c        0x4 
                [!provide]                        PROVIDE (end = .)
                0x0000000020000510                PROVIDE (_end = .)
                0x0000000020000710                . = (. + _Min_Heap_Size)
 *fill*         0x0000000020000510      0x200 
                0x0000000020000b10                . = (. + _Min_Stack_Size)
 *fill*         0x0000000020000710      0x400 
                0x0000000020000b10                . = ALIGN (0x8)

/DISCARD/
 libc.a(*)
 libm.a(*)
 libgcc.a(*)

.ARM.attributes
                0x0000000000000000       0x30
 *(.ARM.attributes)
 .ARM.attributes
                0x0000000000000000       0x22 c:/st/stm32cubeide_1.4.0/stm32cubeide/plugins/com.st.stm32cube.ide.mcu.externaltools.gnu-tools-for-stm32.7-2018-q2-update.win32_1.5.0.202011040924/tools/bin/../lib/gcc/arm-none-eabi/7.3.1/thumb/v7e-m/fpv4-sp/hard/crti.o
 .ARM.attributes
                0x0000000000000022       0x34 c:/st/stm32cubeide_1.4.0/stm32cubeide/plugins/com.st.stm32cube.ide.mcu.externaltools.gnu-tools-for-stm32.7-2018-q2-update.win32_1.5.0.202011040924/tools/bin/../lib/gcc/arm-none-eabi/7.3.1/thumb/v7e-m/fpv4-sp/hard/crtbegin.o
 .ARM.attributes
                0x0000000000000056       0x39 Core/Src/ADC.o
 .ARM.attributes
                0x000000000000008f       0x39 Core/Src/ESC.o
 .ARM.attributes
                0x00000000000000c8       0x39 Core/Src/RX.o
 .ARM.attributes
                0x0000000000000101       0x39 Core/Src/XLG.o
 .ARM.attributes
                0x000000000000013a       0x39 Core/Src/main.o
 .ARM.attributes
                0x0000000000000173       0x39 Core/Src/stm32f7xx_hal_msp.o
 .ARM.attributes
                0x00000000000001ac       0x39 Core/Src/stm32f7xx_it.o
 .ARM.attributes
                0x00000000000001e5       0x39 Core/Src/sysmem.o
 .ARM.attributes
                0x000000000000021e       0x39 Core/Src/system_stm32f7xx.o
 .ARM.attributes
                0x0000000000000257       0x21 Core/Startup/startup_stm32f722zetx.o
 .ARM.attributes
                0x0000000000000278       0x39 Drivers/STM32F7xx_HAL_Driver/Src/stm32f7xx_hal.o
 .ARM.attributes
                0x00000000000002b1       0x39 Drivers/STM32F7xx_HAL_Driver/Src/stm32f7xx_hal_adc.o
 .ARM.attributes
                0x00000000000002ea       0x39 Drivers/STM32F7xx_HAL_Driver/Src/stm32f7xx_hal_cortex.o
 .ARM.attributes
                0x0000000000000323       0x39 Drivers/STM32F7xx_HAL_Driver/Src/stm32f7xx_hal_dma.o
 .ARM.attributes
                0x000000000000035c       0x39 Drivers/STM32F7xx_HAL_Driver/Src/stm32f7xx_hal_gpio.o
 .ARM.attributes
                0x0000000000000395       0x39 Drivers/STM32F7xx_HAL_Driver/Src/stm32f7xx_hal_i2c.o
 .ARM.attributes
                0x00000000000003ce       0x39 Drivers/STM32F7xx_HAL_Driver/Src/stm32f7xx_hal_i2c_ex.o
 .ARM.attributes
                0x0000000000000407       0x39 Drivers/STM32F7xx_HAL_Driver/Src/stm32f7xx_hal_pwr.o
 .ARM.attributes
                0x0000000000000440       0x39 Drivers/STM32F7xx_HAL_Driver/Src/stm32f7xx_hal_pwr_ex.o
 .ARM.attributes
                0x0000000000000479       0x39 Drivers/STM32F7xx_HAL_Driver/Src/stm32f7xx_hal_rcc.o
 .ARM.attributes
                0x00000000000004b2       0x39 Drivers/STM32F7xx_HAL_Driver/Src/stm32f7xx_hal_rcc_ex.o
 .ARM.attributes
                0x00000000000004eb       0x39 Drivers/STM32F7xx_HAL_Driver/Src/stm32f7xx_hal_tim.o
 .ARM.attributes
                0x0000000000000524       0x39 Drivers/STM32F7xx_HAL_Driver/Src/stm32f7xx_hal_tim_ex.o
 .ARM.attributes
                0x000000000000055d       0x39 Drivers/STM32F7xx_HAL_Driver/Src/stm32f7xx_hal_uart.o
 .ARM.attributes
                0x0000000000000596       0x34 c:/st/stm32cubeide_1.4.0/stm32cubeide/plugins/com.st.stm32cube.ide.mcu.externaltools.gnu-tools-for-stm32.7-2018-q2-update.win32_1.5.0.202011040924/tools/bin/../lib/gcc/arm-none-eabi/7.3.1/../../../../arm-none-eabi/lib/thumb/v7e-m/fpv4-sp/hard\libc_nano.a(lib_a-errno.o)
 .ARM.attributes
                0x00000000000005ca       0x34 c:/st/stm32cubeide_1.4.0/stm32cubeide/plugins/com.st.stm32cube.ide.mcu.externaltools.gnu-tools-for-stm32.7-2018-q2-update.win32_1.5.0.202011040924/tools/bin/../lib/gcc/arm-none-eabi/7.3.1/../../../../arm-none-eabi/lib/thumb/v7e-m/fpv4-sp/hard\libc_nano.a(lib_a-impure.o)
 .ARM.attributes
                0x00000000000005fe       0x34 c:/st/stm32cubeide_1.4.0/stm32cubeide/plugins/com.st.stm32cube.ide.mcu.externaltools.gnu-tools-for-stm32.7-2018-q2-update.win32_1.5.0.202011040924/tools/bin/../lib/gcc/arm-none-eabi/7.3.1/../../../../arm-none-eabi/lib/thumb/v7e-m/fpv4-sp/hard\libc_nano.a(lib_a-init.o)
 .ARM.attributes
                0x0000000000000632       0x34 c:/st/stm32cubeide_1.4.0/stm32cubeide/plugins/com.st.stm32cube.ide.mcu.externaltools.gnu-tools-for-stm32.7-2018-q2-update.win32_1.5.0.202011040924/tools/bin/../lib/gcc/arm-none-eabi/7.3.1/../../../../arm-none-eabi/lib/thumb/v7e-m/fpv4-sp/hard\libc_nano.a(lib_a-malloc.o)
 .ARM.attributes
                0x0000000000000666       0x34 c:/st/stm32cubeide_1.4.0/stm32cubeide/plugins/com.st.stm32cube.ide.mcu.externaltools.gnu-tools-for-stm32.7-2018-q2-update.win32_1.5.0.202011040924/tools/bin/../lib/gcc/arm-none-eabi/7.3.1/../../../../arm-none-eabi/lib/thumb/v7e-m/fpv4-sp/hard\libc_nano.a(lib_a-memcpy-stub.o)
 .ARM.attributes
                0x000000000000069a       0x34 c:/st/stm32cubeide_1.4.0/stm32cubeide/plugins/com.st.stm32cube.ide.mcu.externaltools.gnu-tools-for-stm32.7-2018-q2-update.win32_1.5.0.202011040924/tools/bin/../lib/gcc/arm-none-eabi/7.3.1/../../../../arm-none-eabi/lib/thumb/v7e-m/fpv4-sp/hard\libc_nano.a(lib_a-memset.o)
 .ARM.attributes
                0x00000000000006ce       0x34 c:/st/stm32cubeide_1.4.0/stm32cubeide/plugins/com.st.stm32cube.ide.mcu.externaltools.gnu-tools-for-stm32.7-2018-q2-update.win32_1.5.0.202011040924/tools/bin/../lib/gcc/arm-none-eabi/7.3.1/../../../../arm-none-eabi/lib/thumb/v7e-m/fpv4-sp/hard\libc_nano.a(lib_a-nano-mallocr.o)
 .ARM.attributes
                0x0000000000000702       0x34 c:/st/stm32cubeide_1.4.0/stm32cubeide/plugins/com.st.stm32cube.ide.mcu.externaltools.gnu-tools-for-stm32.7-2018-q2-update.win32_1.5.0.202011040924/tools/bin/../lib/gcc/arm-none-eabi/7.3.1/../../../../arm-none-eabi/lib/thumb/v7e-m/fpv4-sp/hard\libc_nano.a(lib_a-sbrkr.o)
 .ARM.attributes
                0x0000000000000736       0x34 c:/st/stm32cubeide_1.4.0/stm32cubeide/plugins/com.st.stm32cube.ide.mcu.externaltools.gnu-tools-for-stm32.7-2018-q2-update.win32_1.5.0.202011040924/tools/bin/../lib/gcc/arm-none-eabi/7.3.1/../../../../arm-none-eabi/lib/thumb/v7e-m/fpv4-sp/hard\libc_nano.a(lib_a-mlock.o)
 .ARM.attributes
                0x000000000000076a       0x34 c:/st/stm32cubeide_1.4.0/stm32cubeide/plugins/com.st.stm32cube.ide.mcu.externaltools.gnu-tools-for-stm32.7-2018-q2-update.win32_1.5.0.202011040924/tools/bin/../lib/gcc/arm-none-eabi/7.3.1/../../../../arm-none-eabi/lib/thumb/v7e-m/fpv4-sp/hard\libc_nano.a(lib_a-reent.o)
 .ARM.attributes
                0x000000000000079e       0x22 c:/st/stm32cubeide_1.4.0/stm32cubeide/plugins/com.st.stm32cube.ide.mcu.externaltools.gnu-tools-for-stm32.7-2018-q2-update.win32_1.5.0.202011040924/tools/bin/../lib/gcc/arm-none-eabi/7.3.1/thumb/v7e-m/fpv4-sp/hard\libgcc.a(_arm_addsubdf3.o)
 .ARM.attributes
                0x00000000000007c0       0x22 c:/st/stm32cubeide_1.4.0/stm32cubeide/plugins/com.st.stm32cube.ide.mcu.externaltools.gnu-tools-for-stm32.7-2018-q2-update.win32_1.5.0.202011040924/tools/bin/../lib/gcc/arm-none-eabi/7.3.1/thumb/v7e-m/fpv4-sp/hard\libgcc.a(_arm_muldivdf3.o)
 .ARM.attributes
                0x00000000000007e2       0x22 c:/st/stm32cubeide_1.4.0/stm32cubeide/plugins/com.st.stm32cube.ide.mcu.externaltools.gnu-tools-for-stm32.7-2018-q2-update.win32_1.5.0.202011040924/tools/bin/../lib/gcc/arm-none-eabi/7.3.1/thumb/v7e-m/fpv4-sp/hard\libgcc.a(_arm_fixdfsi.o)
 .ARM.attributes
                0x0000000000000804       0x22 c:/st/stm32cubeide_1.4.0/stm32cubeide/plugins/com.st.stm32cube.ide.mcu.externaltools.gnu-tools-for-stm32.7-2018-q2-update.win32_1.5.0.202011040924/tools/bin/../lib/gcc/arm-none-eabi/7.3.1/thumb/v7e-m/fpv4-sp/hard\libgcc.a(_aeabi_uldivmod.o)
 .ARM.attributes
                0x0000000000000826       0x34 c:/st/stm32cubeide_1.4.0/stm32cubeide/plugins/com.st.stm32cube.ide.mcu.externaltools.gnu-tools-for-stm32.7-2018-q2-update.win32_1.5.0.202011040924/tools/bin/../lib/gcc/arm-none-eabi/7.3.1/thumb/v7e-m/fpv4-sp/hard\libgcc.a(_udivmoddi4.o)
 .ARM.attributes
                0x000000000000085a       0x22 c:/st/stm32cubeide_1.4.0/stm32cubeide/plugins/com.st.stm32cube.ide.mcu.externaltools.gnu-tools-for-stm32.7-2018-q2-update.win32_1.5.0.202011040924/tools/bin/../lib/gcc/arm-none-eabi/7.3.1/thumb/v7e-m/fpv4-sp/hard\libgcc.a(_dvmd_tls.o)
 .ARM.attributes
                0x000000000000087c       0x22 c:/st/stm32cubeide_1.4.0/stm32cubeide/plugins/com.st.stm32cube.ide.mcu.externaltools.gnu-tools-for-stm32.7-2018-q2-update.win32_1.5.0.202011040924/tools/bin/../lib/gcc/arm-none-eabi/7.3.1/thumb/v7e-m/fpv4-sp/hard/crtn.o
OUTPUT(stm32f7-drone.elf elf32-littlearm)

.debug_info     0x0000000000000000    0x155bd
 .debug_info    0x0000000000000000      0x63b Core/Src/ADC.o
 .debug_info    0x000000000000063b     0x116e Core/Src/ESC.o
 .debug_info    0x00000000000017a9      0xf78 Core/Src/RX.o
 .debug_info    0x0000000000002721      0x937 Core/Src/XLG.o
 .debug_info    0x0000000000003058     0x2694 Core/Src/main.o
 .debug_info    0x00000000000056ec     0x1587 Core/Src/stm32f7xx_hal_msp.o
 .debug_info    0x0000000000006c73      0x4c7 Core/Src/stm32f7xx_it.o
 .debug_info    0x000000000000713a      0x985 Core/Src/sysmem.o
 .debug_info    0x0000000000007abf      0x73d Core/Src/system_stm32f7xx.o
 .debug_info    0x00000000000081fc       0x22 Core/Startup/startup_stm32f722zetx.o
 .debug_info    0x000000000000821e      0x98b Drivers/STM32F7xx_HAL_Driver/Src/stm32f7xx_hal.o
 .debug_info    0x0000000000008ba9      0xc9d Drivers/STM32F7xx_HAL_Driver/Src/stm32f7xx_hal_adc.o
 .debug_info    0x0000000000009846     0x1002 Drivers/STM32F7xx_HAL_Driver/Src/stm32f7xx_hal_cortex.o
 .debug_info    0x000000000000a848      0x968 Drivers/STM32F7xx_HAL_Driver/Src/stm32f7xx_hal_dma.o
 .debug_info    0x000000000000b1b0      0x7dc Drivers/STM32F7xx_HAL_Driver/Src/stm32f7xx_hal_gpio.o
 .debug_info    0x000000000000b98c     0x1fb9 Drivers/STM32F7xx_HAL_Driver/Src/stm32f7xx_hal_i2c.o
 .debug_info    0x000000000000d945      0x9ee Drivers/STM32F7xx_HAL_Driver/Src/stm32f7xx_hal_i2c_ex.o
 .debug_info    0x000000000000e333      0x9b4 Drivers/STM32F7xx_HAL_Driver/Src/stm32f7xx_hal_pwr.o
 .debug_info    0x000000000000ece7      0x96b Drivers/STM32F7xx_HAL_Driver/Src/stm32f7xx_hal_pwr_ex.o
 .debug_info    0x000000000000f652      0x942 Drivers/STM32F7xx_HAL_Driver/Src/stm32f7xx_hal_rcc.o
 .debug_info    0x000000000000ff94      0x79a Drivers/STM32F7xx_HAL_Driver/Src/stm32f7xx_hal_rcc_ex.o
 .debug_info    0x000000000001072e     0x25a2 Drivers/STM32F7xx_HAL_Driver/Src/stm32f7xx_hal_tim.o
 .debug_info    0x0000000000012cd0     0x121c Drivers/STM32F7xx_HAL_Driver/Src/stm32f7xx_hal_tim_ex.o
 .debug_info    0x0000000000013eec     0x16d1 Drivers/STM32F7xx_HAL_Driver/Src/stm32f7xx_hal_uart.o

.debug_abbrev   0x0000000000000000     0x2c0a
 .debug_abbrev  0x0000000000000000      0x151 Core/Src/ADC.o
 .debug_abbrev  0x0000000000000151      0x22e Core/Src/ESC.o
 .debug_abbrev  0x000000000000037f      0x1ed Core/Src/RX.o
 .debug_abbrev  0x000000000000056c      0x1b7 Core/Src/XLG.o
 .debug_abbrev  0x0000000000000723      0x2c9 Core/Src/main.o
 .debug_abbrev  0x00000000000009ec      0x1fa Core/Src/stm32f7xx_hal_msp.o
 .debug_abbrev  0x0000000000000be6      0x149 Core/Src/stm32f7xx_it.o
 .debug_abbrev  0x0000000000000d2f      0x19b Core/Src/sysmem.o
 .debug_abbrev  0x0000000000000eca      0x147 Core/Src/system_stm32f7xx.o
 .debug_abbrev  0x0000000000001011       0x12 Core/Startup/startup_stm32f722zetx.o
 .debug_abbrev  0x0000000000001023      0x1c7 Drivers/STM32F7xx_HAL_Driver/Src/stm32f7xx_hal.o
 .debug_abbrev  0x00000000000011ea      0x205 Drivers/STM32F7xx_HAL_Driver/Src/stm32f7xx_hal_adc.o
 .debug_abbrev  0x00000000000013ef      0x2fa Drivers/STM32F7xx_HAL_Driver/Src/stm32f7xx_hal_cortex.o
 .debug_abbrev  0x00000000000016e9      0x229 Drivers/STM32F7xx_HAL_Driver/Src/stm32f7xx_hal_dma.o
 .debug_abbrev  0x0000000000001912      0x1c9 Drivers/STM32F7xx_HAL_Driver/Src/stm32f7xx_hal_gpio.o
 .debug_abbrev  0x0000000000001adb      0x22a Drivers/STM32F7xx_HAL_Driver/Src/stm32f7xx_hal_i2c.o
 .debug_abbrev  0x0000000000001d05      0x19b Drivers/STM32F7xx_HAL_Driver/Src/stm32f7xx_hal_i2c_ex.o
 .debug_abbrev  0x0000000000001ea0      0x1b6 Drivers/STM32F7xx_HAL_Driver/Src/stm32f7xx_hal_pwr.o
 .debug_abbrev  0x0000000000002056      0x1b8 Drivers/STM32F7xx_HAL_Driver/Src/stm32f7xx_hal_pwr_ex.o
 .debug_abbrev  0x000000000000220e      0x21a Drivers/STM32F7xx_HAL_Driver/Src/stm32f7xx_hal_rcc.o
 .debug_abbrev  0x0000000000002428      0x18f Drivers/STM32F7xx_HAL_Driver/Src/stm32f7xx_hal_rcc_ex.o
 .debug_abbrev  0x00000000000025b7      0x230 Drivers/STM32F7xx_HAL_Driver/Src/stm32f7xx_hal_tim.o
 .debug_abbrev  0x00000000000027e7      0x21e Drivers/STM32F7xx_HAL_Driver/Src/stm32f7xx_hal_tim_ex.o
 .debug_abbrev  0x0000000000002a05      0x205 Drivers/STM32F7xx_HAL_Driver/Src/stm32f7xx_hal_uart.o

.debug_aranges  0x0000000000000000     0x12b0
 .debug_aranges
                0x0000000000000000       0x20 Core/Src/ADC.o
 .debug_aranges
                0x0000000000000020       0x40 Core/Src/ESC.o
 .debug_aranges
                0x0000000000000060       0x28 Core/Src/RX.o
 .debug_aranges
                0x0000000000000088       0x58 Core/Src/XLG.o
 .debug_aranges
                0x00000000000000e0       0x90 Core/Src/main.o
 .debug_aranges
                0x0000000000000170       0x88 Core/Src/stm32f7xx_hal_msp.o
 .debug_aranges
                0x00000000000001f8       0x80 Core/Src/stm32f7xx_it.o
 .debug_aranges
                0x0000000000000278       0x20 Core/Src/sysmem.o
 .debug_aranges
                0x0000000000000298       0x28 Core/Src/system_stm32f7xx.o
 .debug_aranges
                0x00000000000002c0       0x28 Core/Startup/startup_stm32f722zetx.o
 .debug_aranges
                0x00000000000002e8      0x100 Drivers/STM32F7xx_HAL_Driver/Src/stm32f7xx_hal.o
 .debug_aranges
                0x00000000000003e8       0xe8 Drivers/STM32F7xx_HAL_Driver/Src/stm32f7xx_hal_adc.o
 .debug_aranges
                0x00000000000004d0      0x118 Drivers/STM32F7xx_HAL_Driver/Src/stm32f7xx_hal_cortex.o
 .debug_aranges
                0x00000000000005e8       0x90 Drivers/STM32F7xx_HAL_Driver/Src/stm32f7xx_hal_dma.o
 .debug_aranges
                0x0000000000000678       0x58 Drivers/STM32F7xx_HAL_Driver/Src/stm32f7xx_hal_gpio.o
 .debug_aranges
                0x00000000000006d0      0x288 Drivers/STM32F7xx_HAL_Driver/Src/stm32f7xx_hal_i2c.o
 .debug_aranges
                0x0000000000000958       0x38 Drivers/STM32F7xx_HAL_Driver/Src/stm32f7xx_hal_i2c_ex.o
 .debug_aranges
                0x0000000000000990       0xa0 Drivers/STM32F7xx_HAL_Driver/Src/stm32f7xx_hal_pwr.o
 .debug_aranges
                0x0000000000000a30       0x80 Drivers/STM32F7xx_HAL_Driver/Src/stm32f7xx_hal_pwr_ex.o
 .debug_aranges
                0x0000000000000ab0       0x88 Drivers/STM32F7xx_HAL_Driver/Src/stm32f7xx_hal_rcc.o
 .debug_aranges
                0x0000000000000b38       0x50 Drivers/STM32F7xx_HAL_Driver/Src/stm32f7xx_hal_rcc_ex.o
 .debug_aranges
                0x0000000000000b88      0x3b8 Drivers/STM32F7xx_HAL_Driver/Src/stm32f7xx_hal_tim.o
 .debug_aranges
                0x0000000000000f40      0x160 Drivers/STM32F7xx_HAL_Driver/Src/stm32f7xx_hal_tim_ex.o
 .debug_aranges
                0x00000000000010a0      0x210 Drivers/STM32F7xx_HAL_Driver/Src/stm32f7xx_hal_uart.o

.debug_ranges   0x0000000000000000     0x1138
 .debug_ranges  0x0000000000000000       0x10 Core/Src/ADC.o
 .debug_ranges  0x0000000000000010       0x30 Core/Src/ESC.o
 .debug_ranges  0x0000000000000040       0x18 Core/Src/RX.o
 .debug_ranges  0x0000000000000058       0x48 Core/Src/XLG.o
 .debug_ranges  0x00000000000000a0       0x80 Core/Src/main.o
 .debug_ranges  0x0000000000000120       0x78 Core/Src/stm32f7xx_hal_msp.o
 .debug_ranges  0x0000000000000198       0x70 Core/Src/stm32f7xx_it.o
 .debug_ranges  0x0000000000000208       0x10 Core/Src/sysmem.o
 .debug_ranges  0x0000000000000218       0x18 Core/Src/system_stm32f7xx.o
 .debug_ranges  0x0000000000000230       0x20 Core/Startup/startup_stm32f722zetx.o
 .debug_ranges  0x0000000000000250       0xf0 Drivers/STM32F7xx_HAL_Driver/Src/stm32f7xx_hal.o
 .debug_ranges  0x0000000000000340       0xd8 Drivers/STM32F7xx_HAL_Driver/Src/stm32f7xx_hal_adc.o
 .debug_ranges  0x0000000000000418      0x108 Drivers/STM32F7xx_HAL_Driver/Src/stm32f7xx_hal_cortex.o
 .debug_ranges  0x0000000000000520       0x80 Drivers/STM32F7xx_HAL_Driver/Src/stm32f7xx_hal_dma.o
 .debug_ranges  0x00000000000005a0       0x48 Drivers/STM32F7xx_HAL_Driver/Src/stm32f7xx_hal_gpio.o
 .debug_ranges  0x00000000000005e8      0x278 Drivers/STM32F7xx_HAL_Driver/Src/stm32f7xx_hal_i2c.o
 .debug_ranges  0x0000000000000860       0x28 Drivers/STM32F7xx_HAL_Driver/Src/stm32f7xx_hal_i2c_ex.o
 .debug_ranges  0x0000000000000888       0x90 Drivers/STM32F7xx_HAL_Driver/Src/stm32f7xx_hal_pwr.o
 .debug_ranges  0x0000000000000918       0x70 Drivers/STM32F7xx_HAL_Driver/Src/stm32f7xx_hal_pwr_ex.o
 .debug_ranges  0x0000000000000988       0x78 Drivers/STM32F7xx_HAL_Driver/Src/stm32f7xx_hal_rcc.o
 .debug_ranges  0x0000000000000a00       0x40 Drivers/STM32F7xx_HAL_Driver/Src/stm32f7xx_hal_rcc_ex.o
 .debug_ranges  0x0000000000000a40      0x3a8 Drivers/STM32F7xx_HAL_Driver/Src/stm32f7xx_hal_tim.o
 .debug_ranges  0x0000000000000de8      0x150 Drivers/STM32F7xx_HAL_Driver/Src/stm32f7xx_hal_tim_ex.o
 .debug_ranges  0x0000000000000f38      0x200 Drivers/STM32F7xx_HAL_Driver/Src/stm32f7xx_hal_uart.o

.debug_macro    0x0000000000000000    0x24c51
 .debug_macro   0x0000000000000000      0x214 Core/Src/ADC.o
 .debug_macro   0x0000000000000214      0xa5a Core/Src/ADC.o
 .debug_macro   0x0000000000000c6e      0x299 Core/Src/ADC.o
 .debug_macro   0x0000000000000f07       0x2e Core/Src/ADC.o
 .debug_macro   0x0000000000000f35       0x3b Core/Src/ADC.o
 .debug_macro   0x0000000000000f70       0x22 Core/Src/ADC.o
 .debug_macro   0x0000000000000f92       0x8e Core/Src/ADC.o
 .debug_macro   0x0000000000001020       0x51 Core/Src/ADC.o
 .debug_macro   0x0000000000001071       0xef Core/Src/ADC.o
 .debug_macro   0x0000000000001160       0x6a Core/Src/ADC.o
 .debug_macro   0x00000000000011ca      0x1df Core/Src/ADC.o
 .debug_macro   0x00000000000013a9       0x1c Core/Src/ADC.o
 .debug_macro   0x00000000000013c5       0x22 Core/Src/ADC.o
 .debug_macro   0x00000000000013e7       0xdf Core/Src/ADC.o
 .debug_macro   0x00000000000014c6     0x12cd Core/Src/ADC.o
 .debug_macro   0x0000000000002793      0x11f Core/Src/ADC.o
 .debug_macro   0x00000000000028b2       0x19 Core/Src/ADC.o
 .debug_macro   0x00000000000028cb    0x15c60 Core/Src/ADC.o
 .debug_macro   0x000000000001852b       0x43 Core/Src/ADC.o
 .debug_macro   0x000000000001856e     0x36b4 Core/Src/ADC.o
 .debug_macro   0x000000000001bc22      0x174 Core/Src/ADC.o
 .debug_macro   0x000000000001bd96       0x61 Core/Src/ADC.o
 .debug_macro   0x000000000001bdf7     0x1588 Core/Src/ADC.o
 .debug_macro   0x000000000001d37f      0x6c4 Core/Src/ADC.o
 .debug_macro   0x000000000001da43      0x17e Core/Src/ADC.o
 .debug_macro   0x000000000001dbc1      0x117 Core/Src/ADC.o
 .debug_macro   0x000000000001dcd8      0x1d8 Core/Src/ADC.o
 .debug_macro   0x000000000001deb0       0x27 Core/Src/ADC.o
 .debug_macro   0x000000000001ded7      0x24f Core/Src/ADC.o
 .debug_macro   0x000000000001e126       0x71 Core/Src/ADC.o
 .debug_macro   0x000000000001e197       0x58 Core/Src/ADC.o
 .debug_macro   0x000000000001e1ef      0x236 Core/Src/ADC.o
 .debug_macro   0x000000000001e425      0x416 Core/Src/ADC.o
 .debug_macro   0x000000000001e83b      0x153 Core/Src/ADC.o
 .debug_macro   0x000000000001e98e      0x107 Core/Src/ADC.o
 .debug_macro   0x000000000001ea95      0x154 Core/Src/ADC.o
 .debug_macro   0x000000000001ebe9      0x2c4 Core/Src/ADC.o
 .debug_macro   0x000000000001eead       0x12 Core/Src/ADC.o
 .debug_macro   0x000000000001eebf      0x22c Core/Src/ADC.o
 .debug_macro   0x000000000001f0eb       0x61 Core/Src/ADC.o
 .debug_macro   0x000000000001f14c       0xa5 Core/Src/ADC.o
 .debug_macro   0x000000000001f1f1      0x12f Core/Src/ADC.o
 .debug_macro   0x000000000001f320      0x108 Core/Src/ADC.o
 .debug_macro   0x000000000001f428       0x35 Core/Src/ADC.o
 .debug_macro   0x000000000001f45d      0xa2f Core/Src/ADC.o
 .debug_macro   0x000000000001fe8c       0x59 Core/Src/ADC.o
 .debug_macro   0x000000000001fee5      0x53c Core/Src/ADC.o
 .debug_macro   0x0000000000020421       0x44 Core/Src/ADC.o
 .debug_macro   0x0000000000020465      0x14e Core/Src/ADC.o
 .debug_macro   0x00000000000205b3       0xfa Core/Src/ADC.o
 .debug_macro   0x00000000000206ad      0x302 Core/Src/ESC.o
 .debug_macro   0x00000000000209af       0x18 Core/Src/ESC.o
 .debug_macro   0x00000000000209c7       0x46 Core/Src/ESC.o
 .debug_macro   0x0000000000020a0d       0x3c Core/Src/ESC.o
 .debug_macro   0x0000000000020a49       0x34 Core/Src/ESC.o
 .debug_macro   0x0000000000020a7d       0x16 Core/Src/ESC.o
 .debug_macro   0x0000000000020a93      0x10e Core/Src/ESC.o
 .debug_macro   0x0000000000020ba1       0x8d Core/Src/ESC.o
 .debug_macro   0x0000000000020c2e       0x52 Core/Src/ESC.o
 .debug_macro   0x0000000000020c80       0x1f Core/Src/ESC.o
 .debug_macro   0x0000000000020c9f       0x43 Core/Src/ESC.o
 .debug_macro   0x0000000000020ce2       0x20 Core/Src/ESC.o
 .debug_macro   0x0000000000020d02      0x1a3 Core/Src/ESC.o
 .debug_macro   0x0000000000020ea5      0x330 Core/Src/ESC.o
 .debug_macro   0x00000000000211d5       0x16 Core/Src/ESC.o
 .debug_macro   0x00000000000211eb       0x29 Core/Src/ESC.o
 .debug_macro   0x0000000000021214       0xd9 Core/Src/ESC.o
 .debug_macro   0x00000000000212ed       0x5b Core/Src/ESC.o
 .debug_macro   0x0000000000021348       0x5e Core/Src/ESC.o
 .debug_macro   0x00000000000213a6      0x2d3 Core/Src/RX.o
 .debug_macro   0x0000000000021679      0x222 Core/Src/XLG.o
 .debug_macro   0x000000000002189b       0x22 Core/Src/XLG.o
 .debug_macro   0x00000000000218bd      0x19d Core/Src/XLG.o
 .debug_macro   0x0000000000021a5a      0x403 Core/Src/main.o
 .debug_macro   0x0000000000021e5d      0x32a Core/Src/main.o
 .debug_macro   0x0000000000022187       0x10 Core/Src/main.o
 .debug_macro   0x0000000000022197       0x35 Core/Src/main.o
 .debug_macro   0x00000000000221cc       0x20 Core/Src/main.o
 .debug_macro   0x00000000000221ec       0x1c Core/Src/main.o
 .debug_macro   0x0000000000022208       0x10 Core/Src/main.o
 .debug_macro   0x0000000000022218       0x10 Core/Src/main.o
 .debug_macro   0x0000000000022228       0x1c Core/Src/main.o
 .debug_macro   0x0000000000022244       0x52 Core/Src/main.o
 .debug_macro   0x0000000000022296       0x40 Core/Src/main.o
 .debug_macro   0x00000000000222d6       0x10 Core/Src/main.o
 .debug_macro   0x00000000000222e6       0x40 Core/Src/main.o
 .debug_macro   0x0000000000022326       0xd7 Core/Src/main.o
 .debug_macro   0x00000000000223fd       0x1c Core/Src/main.o
 .debug_macro   0x0000000000022419       0x3d Core/Src/main.o
 .debug_macro   0x0000000000022456       0x16 Core/Src/main.o
 .debug_macro   0x000000000002246c      0x145 Core/Src/main.o
 .debug_macro   0x00000000000225b1      0x20a Core/Src/stm32f7xx_hal_msp.o
 .debug_macro   0x00000000000227bb      0x214 Core/Src/stm32f7xx_it.o
 .debug_macro   0x00000000000229cf       0xee Core/Src/sysmem.o
 .debug_macro   0x0000000000022abd      0x23b Core/Src/sysmem.o
 .debug_macro   0x0000000000022cf8      0x201 Core/Src/system_stm32f7xx.o
 .debug_macro   0x0000000000022ef9      0x21f Drivers/STM32F7xx_HAL_Driver/Src/stm32f7xx_hal.o
 .debug_macro   0x0000000000023118      0x1fc Drivers/STM32F7xx_HAL_Driver/Src/stm32f7xx_hal_adc.o
 .debug_macro   0x0000000000023314      0x1fb Drivers/STM32F7xx_HAL_Driver/Src/stm32f7xx_hal_cortex.o
 .debug_macro   0x000000000002350f      0x201 Drivers/STM32F7xx_HAL_Driver/Src/stm32f7xx_hal_dma.o
 .debug_macro   0x0000000000023710      0x231 Drivers/STM32F7xx_HAL_Driver/Src/stm32f7xx_hal_gpio.o
 .debug_macro   0x0000000000023941      0x2c0 Drivers/STM32F7xx_HAL_Driver/Src/stm32f7xx_hal_i2c.o
 .debug_macro   0x0000000000023c01      0x1fb Drivers/STM32F7xx_HAL_Driver/Src/stm32f7xx_hal_i2c_ex.o
 .debug_macro   0x0000000000023dfc      0x219 Drivers/STM32F7xx_HAL_Driver/Src/stm32f7xx_hal_pwr.o
 .debug_macro   0x0000000000024015      0x213 Drivers/STM32F7xx_HAL_Driver/Src/stm32f7xx_hal_pwr_ex.o
 .debug_macro   0x0000000000024228      0x21f Drivers/STM32F7xx_HAL_Driver/Src/stm32f7xx_hal_rcc.o
 .debug_macro   0x0000000000024447      0x1fb Drivers/STM32F7xx_HAL_Driver/Src/stm32f7xx_hal_rcc_ex.o
 .debug_macro   0x0000000000024642      0x1fc Drivers/STM32F7xx_HAL_Driver/Src/stm32f7xx_hal_tim.o
 .debug_macro   0x000000000002483e      0x1fb Drivers/STM32F7xx_HAL_Driver/Src/stm32f7xx_hal_tim_ex.o
 .debug_macro   0x0000000000024a39      0x218 Drivers/STM32F7xx_HAL_Driver/Src/stm32f7xx_hal_uart.o

.debug_line     0x0000000000000000     0xfd4e
 .debug_line    0x0000000000000000      0x717 Core/Src/ADC.o
 .debug_line    0x0000000000000717      0xa01 Core/Src/ESC.o
 .debug_line    0x0000000000001118      0x87f Core/Src/RX.o
 .debug_line    0x0000000000001997      0x7d8 Core/Src/XLG.o
 .debug_line    0x000000000000216f      0xb84 Core/Src/main.o
 .debug_line    0x0000000000002cf3      0x8b4 Core/Src/stm32f7xx_hal_msp.o
 .debug_line    0x00000000000035a7      0x809 Core/Src/stm32f7xx_it.o
 .debug_line    0x0000000000003db0      0x4c7 Core/Src/sysmem.o
 .debug_line    0x0000000000004277      0x736 Core/Src/system_stm32f7xx.o
 .debug_line    0x00000000000049ad       0x85 Core/Startup/startup_stm32f722zetx.o
 .debug_line    0x0000000000004a32      0x945 Drivers/STM32F7xx_HAL_Driver/Src/stm32f7xx_hal.o
 .debug_line    0x0000000000005377      0xb6e Drivers/STM32F7xx_HAL_Driver/Src/stm32f7xx_hal_adc.o
 .debug_line    0x0000000000005ee5      0xa46 Drivers/STM32F7xx_HAL_Driver/Src/stm32f7xx_hal_cortex.o
 .debug_line    0x000000000000692b      0x9f1 Drivers/STM32F7xx_HAL_Driver/Src/stm32f7xx_hal_dma.o
 .debug_line    0x000000000000731c      0x902 Drivers/STM32F7xx_HAL_Driver/Src/stm32f7xx_hal_gpio.o
 .debug_line    0x0000000000007c1e     0x1aa1 Drivers/STM32F7xx_HAL_Driver/Src/stm32f7xx_hal_i2c.o
 .debug_line    0x00000000000096bf      0x7db Drivers/STM32F7xx_HAL_Driver/Src/stm32f7xx_hal_i2c_ex.o
 .debug_line    0x0000000000009e9a      0x88a Drivers/STM32F7xx_HAL_Driver/Src/stm32f7xx_hal_pwr.o
 .debug_line    0x000000000000a724      0x866 Drivers/STM32F7xx_HAL_Driver/Src/stm32f7xx_hal_pwr_ex.o
 .debug_line    0x000000000000af8a      0x9bb Drivers/STM32F7xx_HAL_Driver/Src/stm32f7xx_hal_rcc.o
 .debug_line    0x000000000000b945      0x90e Drivers/STM32F7xx_HAL_Driver/Src/stm32f7xx_hal_rcc_ex.o
 .debug_line    0x000000000000c253     0x1a62 Drivers/STM32F7xx_HAL_Driver/Src/stm32f7xx_hal_tim.o
 .debug_line    0x000000000000dcb5      0xdcd Drivers/STM32F7xx_HAL_Driver/Src/stm32f7xx_hal_tim_ex.o
 .debug_line    0x000000000000ea82     0x12cc Drivers/STM32F7xx_HAL_Driver/Src/stm32f7xx_hal_uart.o

.debug_str      0x0000000000000000    0xe1e3f
 .debug_str     0x0000000000000000    0xd7888 Core/Src/ADC.o
                                      0xd7fc8 (size before relaxing)
 .debug_str     0x00000000000d7888     0x35a7 Core/Src/ESC.o
                                      0xdb47a (size before relaxing)
 .debug_str     0x00000000000dae2f       0x71 Core/Src/RX.o
                                      0xdb08c (size before relaxing)
 .debug_str     0x00000000000daea0      0x7e3 Core/Src/XLG.o
                                      0xd867b (size before relaxing)
 .debug_str     0x00000000000db683     0x20fb Core/Src/main.o
                                      0xdddf5 (size before relaxing)
 .debug_str     0x00000000000dd77e      0x151 Core/Src/stm32f7xx_hal_msp.o
                                      0xd8971 (size before relaxing)
 .debug_str     0x00000000000dd8cf      0x11d Core/Src/stm32f7xx_it.o
                                      0xd7f60 (size before relaxing)
 .debug_str     0x00000000000dd9ec      0x4e9 Core/Src/sysmem.o
                                       0x5f69 (size before relaxing)
 .debug_str     0x00000000000dded5      0x18d Core/Src/system_stm32f7xx.o
                                      0xd7a23 (size before relaxing)
 .debug_str     0x00000000000de062       0x36 Core/Startup/startup_stm32f722zetx.o
                                         0x76 (size before relaxing)
 .debug_str     0x00000000000de098      0x37a Drivers/STM32F7xx_HAL_Driver/Src/stm32f7xx_hal.o
                                      0xd8243 (size before relaxing)
 .debug_str     0x00000000000de412      0x259 Drivers/STM32F7xx_HAL_Driver/Src/stm32f7xx_hal_adc.o
                                      0xd7ec6 (size before relaxing)
 .debug_str     0x00000000000de66b      0x382 Drivers/STM32F7xx_HAL_Driver/Src/stm32f7xx_hal_cortex.o
                                      0xd82ea (size before relaxing)
 .debug_str     0x00000000000de9ed      0x323 Drivers/STM32F7xx_HAL_Driver/Src/stm32f7xx_hal_dma.o
                                      0xd7d5d (size before relaxing)
 .debug_str     0x00000000000ded10      0x244 Drivers/STM32F7xx_HAL_Driver/Src/stm32f7xx_hal_gpio.o
                                      0xd7bf9 (size before relaxing)
 .debug_str     0x00000000000def54      0xcef Drivers/STM32F7xx_HAL_Driver/Src/stm32f7xx_hal_i2c.o
                                      0xd8b11 (size before relaxing)
 .debug_str     0x00000000000dfc43       0x89 Drivers/STM32F7xx_HAL_Driver/Src/stm32f7xx_hal_i2c_ex.o
                                      0xd7ee0 (size before relaxing)
 .debug_str     0x00000000000dfccc      0x2c5 Drivers/STM32F7xx_HAL_Driver/Src/stm32f7xx_hal_pwr.o
                                      0xd7cdb (size before relaxing)
 .debug_str     0x00000000000dff91      0x1bd Drivers/STM32F7xx_HAL_Driver/Src/stm32f7xx_hal_pwr_ex.o
                                      0xd7c9d (size before relaxing)
 .debug_str     0x00000000000e014e      0x274 Drivers/STM32F7xx_HAL_Driver/Src/stm32f7xx_hal_rcc.o
                                      0xd7d45 (size before relaxing)
 .debug_str     0x00000000000e03c2      0x159 Drivers/STM32F7xx_HAL_Driver/Src/stm32f7xx_hal_rcc_ex.o
                                      0xd7cc5 (size before relaxing)
 .debug_str     0x00000000000e051b      0xc3c Drivers/STM32F7xx_HAL_Driver/Src/stm32f7xx_hal_tim.o
                                      0xd8aaf (size before relaxing)
 .debug_str     0x00000000000e1157      0x504 Drivers/STM32F7xx_HAL_Driver/Src/stm32f7xx_hal_tim_ex.o
                                      0xd8302 (size before relaxing)
 .debug_str     0x00000000000e165b      0x7e4 Drivers/STM32F7xx_HAL_Driver/Src/stm32f7xx_hal_uart.o
                                      0xd8582 (size before relaxing)

.comment        0x0000000000000000       0x7b
 .comment       0x0000000000000000       0x7b Core/Src/ADC.o
                                         0x7c (size before relaxing)
 .comment       0x000000000000007b       0x7c Core/Src/ESC.o
 .comment       0x000000000000007b       0x7c Core/Src/RX.o
 .comment       0x000000000000007b       0x7c Core/Src/XLG.o
 .comment       0x000000000000007b       0x7c Core/Src/main.o
 .comment       0x000000000000007b       0x7c Core/Src/stm32f7xx_hal_msp.o
 .comment       0x000000000000007b       0x7c Core/Src/stm32f7xx_it.o
 .comment       0x000000000000007b       0x7c Core/Src/sysmem.o
 .comment       0x000000000000007b       0x7c Core/Src/system_stm32f7xx.o
 .comment       0x000000000000007b       0x7c Drivers/STM32F7xx_HAL_Driver/Src/stm32f7xx_hal.o
 .comment       0x000000000000007b       0x7c Drivers/STM32F7xx_HAL_Driver/Src/stm32f7xx_hal_adc.o
 .comment       0x000000000000007b       0x7c Drivers/STM32F7xx_HAL_Driver/Src/stm32f7xx_hal_cortex.o
 .comment       0x000000000000007b       0x7c Drivers/STM32F7xx_HAL_Driver/Src/stm32f7xx_hal_dma.o
 .comment       0x000000000000007b       0x7c Drivers/STM32F7xx_HAL_Driver/Src/stm32f7xx_hal_gpio.o
 .comment       0x000000000000007b       0x7c Drivers/STM32F7xx_HAL_Driver/Src/stm32f7xx_hal_i2c.o
 .comment       0x000000000000007b       0x7c Drivers/STM32F7xx_HAL_Driver/Src/stm32f7xx_hal_i2c_ex.o
 .comment       0x000000000000007b       0x7c Drivers/STM32F7xx_HAL_Driver/Src/stm32f7xx_hal_pwr.o
 .comment       0x000000000000007b       0x7c Drivers/STM32F7xx_HAL_Driver/Src/stm32f7xx_hal_pwr_ex.o
 .comment       0x000000000000007b       0x7c Drivers/STM32F7xx_HAL_Driver/Src/stm32f7xx_hal_rcc.o
 .comment       0x000000000000007b       0x7c Drivers/STM32F7xx_HAL_Driver/Src/stm32f7xx_hal_rcc_ex.o
 .comment       0x000000000000007b       0x7c Drivers/STM32F7xx_HAL_Driver/Src/stm32f7xx_hal_tim.o
 .comment       0x000000000000007b       0x7c Drivers/STM32F7xx_HAL_Driver/Src/stm32f7xx_hal_tim_ex.o
 .comment       0x000000000000007b       0x7c Drivers/STM32F7xx_HAL_Driver/Src/stm32f7xx_hal_uart.o

.debug_frame    0x0000000000000000     0x5018
 .debug_frame   0x0000000000000000       0x34 Core/Src/ADC.o
 .debug_frame   0x0000000000000034       0xc4 Core/Src/ESC.o
 .debug_frame   0x00000000000000f8       0x58 Core/Src/RX.o
 .debug_frame   0x0000000000000150      0x130 Core/Src/XLG.o
 .debug_frame   0x0000000000000280      0x21c Core/Src/main.o
 .debug_frame   0x000000000000049c      0x214 Core/Src/stm32f7xx_hal_msp.o
 .debug_frame   0x00000000000006b0      0x17c Core/Src/stm32f7xx_it.o
 .debug_frame   0x000000000000082c       0x34 Core/Src/sysmem.o
 .debug_frame   0x0000000000000860       0x58 Core/Src/system_stm32f7xx.o
 .debug_frame   0x00000000000008b8      0x3b4 Drivers/STM32F7xx_HAL_Driver/Src/stm32f7xx_hal.o
 .debug_frame   0x0000000000000c6c      0x3fc Drivers/STM32F7xx_HAL_Driver/Src/stm32f7xx_hal_adc.o
 .debug_frame   0x0000000000001068      0x498 Drivers/STM32F7xx_HAL_Driver/Src/stm32f7xx_hal_cortex.o
 .debug_frame   0x0000000000001500      0x250 Drivers/STM32F7xx_HAL_Driver/Src/stm32f7xx_hal_dma.o
 .debug_frame   0x0000000000001750      0x14c Drivers/STM32F7xx_HAL_Driver/Src/stm32f7xx_hal_gpio.o
 .debug_frame   0x000000000000189c      0xbbc Drivers/STM32F7xx_HAL_Driver/Src/stm32f7xx_hal_i2c.o
 .debug_frame   0x0000000000002458       0xb0 Drivers/STM32F7xx_HAL_Driver/Src/stm32f7xx_hal_i2c_ex.o
 .debug_frame   0x0000000000002508      0x254 Drivers/STM32F7xx_HAL_Driver/Src/stm32f7xx_hal_pwr.o
 .debug_frame   0x000000000000275c      0x1c8 Drivers/STM32F7xx_HAL_Driver/Src/stm32f7xx_hal_pwr_ex.o
 .debug_frame   0x0000000000002924      0x1f4 Drivers/STM32F7xx_HAL_Driver/Src/stm32f7xx_hal_rcc.o
 .debug_frame   0x0000000000002b18      0x118 Drivers/STM32F7xx_HAL_Driver/Src/stm32f7xx_hal_rcc_ex.o
 .debug_frame   0x0000000000002c30     0x1144 Drivers/STM32F7xx_HAL_Driver/Src/stm32f7xx_hal_tim.o
 .debug_frame   0x0000000000003d74      0x610 Drivers/STM32F7xx_HAL_Driver/Src/stm32f7xx_hal_tim_ex.o
 .debug_frame   0x0000000000004384      0x96c Drivers/STM32F7xx_HAL_Driver/Src/stm32f7xx_hal_uart.o
 .debug_frame   0x0000000000004cf0       0x20 c:/st/stm32cubeide_1.4.0/stm32cubeide/plugins/com.st.stm32cube.ide.mcu.externaltools.gnu-tools-for-stm32.7-2018-q2-update.win32_1.5.0.202011040924/tools/bin/../lib/gcc/arm-none-eabi/7.3.1/../../../../arm-none-eabi/lib/thumb/v7e-m/fpv4-sp/hard\libc_nano.a(lib_a-errno.o)
 .debug_frame   0x0000000000004d10       0x2c c:/st/stm32cubeide_1.4.0/stm32cubeide/plugins/com.st.stm32cube.ide.mcu.externaltools.gnu-tools-for-stm32.7-2018-q2-update.win32_1.5.0.202011040924/tools/bin/../lib/gcc/arm-none-eabi/7.3.1/../../../../arm-none-eabi/lib/thumb/v7e-m/fpv4-sp/hard\libc_nano.a(lib_a-init.o)
 .debug_frame   0x0000000000004d3c       0x30 c:/st/stm32cubeide_1.4.0/stm32cubeide/plugins/com.st.stm32cube.ide.mcu.externaltools.gnu-tools-for-stm32.7-2018-q2-update.win32_1.5.0.202011040924/tools/bin/../lib/gcc/arm-none-eabi/7.3.1/../../../../arm-none-eabi/lib/thumb/v7e-m/fpv4-sp/hard\libc_nano.a(lib_a-malloc.o)
 .debug_frame   0x0000000000004d6c       0x28 c:/st/stm32cubeide_1.4.0/stm32cubeide/plugins/com.st.stm32cube.ide.mcu.externaltools.gnu-tools-for-stm32.7-2018-q2-update.win32_1.5.0.202011040924/tools/bin/../lib/gcc/arm-none-eabi/7.3.1/../../../../arm-none-eabi/lib/thumb/v7e-m/fpv4-sp/hard\libc_nano.a(lib_a-memcpy-stub.o)
 .debug_frame   0x0000000000004d94       0x20 c:/st/stm32cubeide_1.4.0/stm32cubeide/plugins/com.st.stm32cube.ide.mcu.externaltools.gnu-tools-for-stm32.7-2018-q2-update.win32_1.5.0.202011040924/tools/bin/../lib/gcc/arm-none-eabi/7.3.1/../../../../arm-none-eabi/lib/thumb/v7e-m/fpv4-sp/hard\libc_nano.a(lib_a-memset.o)
 .debug_frame   0x0000000000004db4       0x2c c:/st/stm32cubeide_1.4.0/stm32cubeide/plugins/com.st.stm32cube.ide.mcu.externaltools.gnu-tools-for-stm32.7-2018-q2-update.win32_1.5.0.202011040924/tools/bin/../lib/gcc/arm-none-eabi/7.3.1/../../../../arm-none-eabi/lib/thumb/v7e-m/fpv4-sp/hard\libc_nano.a(lib_a-nano-mallocr.o)
 .debug_frame   0x0000000000004de0       0x2c c:/st/stm32cubeide_1.4.0/stm32cubeide/plugins/com.st.stm32cube.ide.mcu.externaltools.gnu-tools-for-stm32.7-2018-q2-update.win32_1.5.0.202011040924/tools/bin/../lib/gcc/arm-none-eabi/7.3.1/../../../../arm-none-eabi/lib/thumb/v7e-m/fpv4-sp/hard\libc_nano.a(lib_a-sbrkr.o)
 .debug_frame   0x0000000000004e0c       0x30 c:/st/stm32cubeide_1.4.0/stm32cubeide/plugins/com.st.stm32cube.ide.mcu.externaltools.gnu-tools-for-stm32.7-2018-q2-update.win32_1.5.0.202011040924/tools/bin/../lib/gcc/arm-none-eabi/7.3.1/../../../../arm-none-eabi/lib/thumb/v7e-m/fpv4-sp/hard\libc_nano.a(lib_a-mlock.o)
 .debug_frame   0x0000000000004e3c       0x5c c:/st/stm32cubeide_1.4.0/stm32cubeide/plugins/com.st.stm32cube.ide.mcu.externaltools.gnu-tools-for-stm32.7-2018-q2-update.win32_1.5.0.202011040924/tools/bin/../lib/gcc/arm-none-eabi/7.3.1/../../../../arm-none-eabi/lib/thumb/v7e-m/fpv4-sp/hard\libc_nano.a(lib_a-reent.o)
 .debug_frame   0x0000000000004e98       0xac c:/st/stm32cubeide_1.4.0/stm32cubeide/plugins/com.st.stm32cube.ide.mcu.externaltools.gnu-tools-for-stm32.7-2018-q2-update.win32_1.5.0.202011040924/tools/bin/../lib/gcc/arm-none-eabi/7.3.1/thumb/v7e-m/fpv4-sp/hard\libgcc.a(_arm_addsubdf3.o)
 .debug_frame   0x0000000000004f44       0x50 c:/st/stm32cubeide_1.4.0/stm32cubeide/plugins/com.st.stm32cube.ide.mcu.externaltools.gnu-tools-for-stm32.7-2018-q2-update.win32_1.5.0.202011040924/tools/bin/../lib/gcc/arm-none-eabi/7.3.1/thumb/v7e-m/fpv4-sp/hard\libgcc.a(_arm_muldivdf3.o)