main.c:103:6:HAL_UART_RxCpltCallback	16	static
main.c:112:6:HAL_TIM_IC_CaptureCallback	16	static
main.c:123:5:main	40	dynamic
main.c:212:6:SystemClock_Config	216	static
main.c:275:13:MX_ADC1_Init	24	static
main.c:325:13:MX_I2C1_Init	8	static
main.c:371:13:MX_TIM1_Init	56	static
main.c:447:13:MX_TIM2_Init	56	static
main.c:510:13:MX_TIM3_Init	48	static
main.c:571:13:MX_TIM4_Init	48	static
main.c:628:13:MX_TIM5_Init	48	static
main.c:677:13:MX_USART3_UART_Init	8	static
main.c:712:13:MX_USB_OTG_FS_USB_Init	4	static
main.c:731:13:MX_DMA_Init	16	static
main.c:764:13:MX_GPIO_Init	64	static
main.c:841:10:HAL_ADC_ConvHalfCpltCallback	16	static,ignoring_inline_asm
main.c:846:10:HAL_ADC_ConvCpltCallback	16	static,ignoring_inline_asm
main.c:856:6:Error_Handler	4	static
