main.c:93:5:main	40	static
main.c:164:6:SystemClock_Config	216	static
main.c:227:13:MX_ADC1_Init	24	static
main.c:277:13:MX_I2C1_Init	8	static
main.c:323:13:MX_TIM4_Init	48	static
main.c:391:13:MX_USART3_UART_Init	8	static
main.c:426:13:MX_USB_OTG_FS_USB_Init	4	static
main.c:445:13:MX_DMA_Init	16	static
main.c:473:13:MX_GPIO_Init	56	static
main.c:541:10:HAL_ADC_ConvHalfCpltCallback	16	static,ignoring_inline_asm
main.c:546:10:HAL_ADC_ConvCpltCallback	16	static,ignoring_inline_asm
main.c:556:6:Error_Handler	4	static
